Component: ARM Compiler 5.06 update 7 (build 960) Tool: armlink [4d3601]

==============================================================================

Section Cross References

    startup_stm32f407xx.o(RESET) refers to startup_stm32f407xx.o(STACK) for __initial_sp
    startup_stm32f407xx.o(RESET) refers to startup_stm32f407xx.o(.text) for Reset_Handler
    startup_stm32f407xx.o(RESET) refers to stm32f4xx_it.o(i.NMI_Handler) for NMI_Handler
    startup_stm32f407xx.o(RESET) refers to stm32f4xx_it.o(i.HardFault_Handler) for HardFault_Handler
    startup_stm32f407xx.o(RESET) refers to stm32f4xx_it.o(i.MemManage_Handler) for MemManage_Handler
    startup_stm32f407xx.o(RESET) refers to stm32f4xx_it.o(i.BusFault_Handler) for BusFault_Handler
    startup_stm32f407xx.o(RESET) refers to stm32f4xx_it.o(i.UsageFault_Handler) for UsageFault_Handler
    startup_stm32f407xx.o(RESET) refers to port.o(.emb_text) for SVC_Handler
    startup_stm32f407xx.o(RESET) refers to stm32f4xx_it.o(i.DebugMon_Handler) for DebugMon_Handler
    startup_stm32f407xx.o(RESET) refers to port.o(i.SysTick_Handler) for SysTick_Handler
    startup_stm32f407xx.o(RESET) refers to stm32f4xx_it.o(i.TIM1_UP_TIM10_IRQHandler) for TIM1_UP_TIM10_IRQHandler
    startup_stm32f407xx.o(RESET) refers to stm32f4xx_it.o(i.UART4_IRQHandler) for UART4_IRQHandler
    startup_stm32f407xx.o(.text) refers to system_stm32f4xx.o(i.SystemInit) for SystemInit
    startup_stm32f407xx.o(.text) refers to entry.o(.ARM.Collect$$$$00000000) for __main
    espdatalogger.o(i.ESP_Init) refers to uartringbuffer.o(i.Ringbuf_init) for Ringbuf_init
    espdatalogger.o(i.ESP_Init) refers to uartringbuffer.o(i.Uart_sendstring) for Uart_sendstring
    espdatalogger.o(i.ESP_Init) refers to stm32f4xx_hal.o(i.HAL_Delay) for HAL_Delay
    espdatalogger.o(i.ESP_Init) refers to uartringbuffer.o(i.Uart_flush) for Uart_flush
    espdatalogger.o(i.ESP_Init) refers to uartringbuffer.o(i.Wait_for) for Wait_for
    espdatalogger.o(i.ESP_Send_Data) refers to memseta.o(.text) for __aeabi_memclr4
    espdatalogger.o(i.ESP_Send_Data) refers to uartringbuffer.o(i.Uart_sendstring) for Uart_sendstring
    espdatalogger.o(i.ESP_Send_Data) refers to uartringbuffer.o(i.Wait_for) for Wait_for
    espdatalogger.o(i.ESP_Send_Data) refers to printfa.o(i.__0sprintf) for __2sprintf
    espdatalogger.o(i.ESP_Send_Data) refers to strlen.o(.text) for strlen
    espdatalogger.o(i.ESP_Send_Data) refers to espdatalogger.o(i.bufclr) for bufclr
    espdatalogger.o(i.ESP_Send_Data) refers to uartringbuffer.o(i.Ringbuf_init) for Ringbuf_init
    espdatalogger.o(i.ESP_Send_Multi) refers to memseta.o(.text) for __aeabi_memclr4
    espdatalogger.o(i.ESP_Send_Multi) refers to uartringbuffer.o(i.Uart_sendstring) for Uart_sendstring
    espdatalogger.o(i.ESP_Send_Multi) refers to uartringbuffer.o(i.Wait_for) for Wait_for
    espdatalogger.o(i.ESP_Send_Multi) refers to printfa.o(i.__0sprintf) for __2sprintf
    espdatalogger.o(i.ESP_Send_Multi) refers to strcat.o(.text) for strcat
    espdatalogger.o(i.ESP_Send_Multi) refers to strlen.o(.text) for strlen
    espdatalogger.o(i.ESP_Send_Multi) refers to espdatalogger.o(i.bufclr) for bufclr
    espdatalogger.o(i.ESP_Send_Multi) refers to uartringbuffer.o(i.Ringbuf_init) for Ringbuf_init
    espdatalogger.o(i.bufclr) refers to strlen.o(.text) for strlen
    uartringbuffer.o(i.Copy_upto) refers to strlen.o(.text) for strlen
    uartringbuffer.o(i.Copy_upto) refers to uartringbuffer.o(i.IsDataAvailable) for IsDataAvailable
    uartringbuffer.o(i.Copy_upto) refers to uartringbuffer.o(i.Uart_peek) for Uart_peek
    uartringbuffer.o(i.Copy_upto) refers to uartringbuffer.o(i.Uart_read) for Uart_read
    uartringbuffer.o(i.Copy_upto) refers to uartringbuffer.o(.data) for .data
    uartringbuffer.o(i.Get_after) refers to uartringbuffer.o(i.Wait_for) for Wait_for
    uartringbuffer.o(i.Get_after) refers to uartringbuffer.o(i.IsDataAvailable) for IsDataAvailable
    uartringbuffer.o(i.Get_after) refers to uartringbuffer.o(i.Uart_read) for Uart_read
    uartringbuffer.o(i.IsDataAvailable) refers to uartringbuffer.o(.data) for .data
    uartringbuffer.o(i.Look_for) refers to strlen.o(.text) for strlen
    uartringbuffer.o(i.Ringbuf_init) refers to uartringbuffer.o(.bss) for .bss
    uartringbuffer.o(i.Ringbuf_init) refers to uartringbuffer.o(.data) for .data
    uartringbuffer.o(i.Ringbuf_init) refers to main.o(.bss) for huart4
    uartringbuffer.o(i.Uart_flush) refers to uartringbuffer.o(.data) for .data
    uartringbuffer.o(i.Uart_isr) refers to uartringbuffer.o(i.store_char) for store_char
    uartringbuffer.o(i.Uart_isr) refers to uartringbuffer.o(.data) for .data
    uartringbuffer.o(i.Uart_isr) refers to uartringbuffer.o(.bss) for .bss
    uartringbuffer.o(i.Uart_peek) refers to uartringbuffer.o(.data) for .data
    uartringbuffer.o(i.Uart_printbase) refers to uartringbuffer.o(i.Uart_write) for Uart_write
    uartringbuffer.o(i.Uart_read) refers to uartringbuffer.o(.data) for .data
[...]
    i.LCD1602_PrintInt                       0x08001f0c   Section        0  stm_my_lcd16x2.o(i.LCD1602_PrintInt)
    i.LCD1602_RS                             0x08001f24   Section        0  stm_my_lcd16x2.o(i.LCD1602_RS)
    LCD1602_RS                               0x08001f25   Thumb Code    16  stm_my_lcd16x2.o(i.LCD1602_RS)
    i.LCD1602_TIM_Config                     0x08001f38   Section        0  stm_my_lcd16x2.o(i.LCD1602_TIM_Config)
    LCD1602_TIM_Config                       0x08001f39   Thumb Code   132  stm_my_lcd16x2.o(i.LCD1602_TIM_Config)
    i.LCD1602_TIM_MicorSecDelay              0x08001fcc   Section        0  stm_my_lcd16x2.o(i.LCD1602_TIM_MicorSecDelay)
    LCD1602_TIM_MicorSecDelay                0x08001fcd   Thumb Code    38  stm_my_lcd16x2.o(i.LCD1602_TIM_MicorSecDelay)
    i.LCD1602_clear                          0x08001ff8   Section        0  stm_my_lcd16x2.o(i.LCD1602_clear)
    i.LCD1602_print                          0x0800200a   Section        0  stm_my_lcd16x2.o(i.LCD1602_print)
    i.LCD1602_setCursor                      0x08002030   Section        0  stm_my_lcd16x2.o(i.LCD1602_setCursor)
    i.LCD1602_write                          0x0800204c   Section        0  stm_my_lcd16x2.o(i.LCD1602_write)
    LCD1602_write                            0x0800204d   Thumb Code   222  stm_my_lcd16x2.o(i.LCD1602_write)
    i.LCD1602_write4bitCommand               0x08002130   Section        0  stm_my_lcd16x2.o(i.LCD1602_write4bitCommand)
    LCD1602_write4bitCommand                 0x08002131   Thumb Code    68  stm_my_lcd16x2.o(i.LCD1602_write4bitCommand)
    i.LCD1602_writeCommand                   0x08002178   Section        0  stm_my_lcd16x2.o(i.LCD1602_writeCommand)
    LCD1602_writeCommand                     0x08002179   Thumb Code    20  stm_my_lcd16x2.o(i.LCD1602_writeCommand)
    i.MX_GPIO_Init                           0x0800218c   Section        0  main.o(i.MX_GPIO_Init)
    MX_GPIO_Init                             0x0800218d   Thumb Code   220  main.o(i.MX_GPIO_Init)
    i.MemManage_Handler                      0x08002278   Section        0  stm32f4xx_it.o(i.MemManage_Handler)
    i.NMI_Handler                            0x0800227a   Section        0  stm32f4xx_it.o(i.NMI_Handler)
    i.Ringbuf_init                           0x0800227c   Section        0  uartringbuffer.o(i.Ringbuf_init)
    i.SysTick_Handler                        0x080022ac   Section        0  port.o(i.SysTick_Handler)
    i.SystemClock_Config                     0x080022d8   Section        0  main.o(i.SystemClock_Config)
    i.SystemInit                             0x0800236c   Section        0  system_stm32f4xx.o(i.SystemInit)
    i.TIM1_UP_TIM10_IRQHandler               0x0800237c   Section        0  stm32f4xx_it.o(i.TIM1_UP_TIM10_IRQHandler)
    i.TIM_Base_SetConfig                     0x08002388   Section        0  stm32f4xx_hal_tim.o(i.TIM_Base_SetConfig)
    i.UART4_IRQHandler                       0x08002450   Section        0  stm32f4xx_it.o(i.UART4_IRQHandler)
    i.UART_SetConfig                         0x0800245c   Section        0  stm32f4xx_hal_uart.o(i.UART_SetConfig)
    UART_SetConfig                           0x0800245d   Thumb Code   258  stm32f4xx_hal_uart.o(i.UART_SetConfig)
    i.Uart_flush                             0x08002568   Section        0  uartringbuffer.o(i.Uart_flush)
    i.Uart_isr                               0x08002578   Section        0  uartringbuffer.o(i.Uart_isr)
    i.Uart_peek                              0x080025d4   Section        0  uartringbuffer.o(i.Uart_peek)
    i.Uart_read                              0x080025f0   Section        0  uartringbuffer.o(i.Uart_read)
    i.Uart_sendstring                        0x08002618   Section        0  uartringbuffer.o(i.Uart_sendstring)
    i.Uart_write                             0x0800262c   Section        0  uartringbuffer.o(i.Uart_write)
    i.UsageFault_Handler                     0x08002660   Section        0  stm32f4xx_it.o(i.UsageFault_Handler)
    i.Wait_for                               0x08002664   Section        0  uartringbuffer.o(i.Wait_for)
    i.__0sprintf                             0x080026c4   Section        0  printfa.o(i.__0sprintf)
    i.__NVIC_SetPriority                     0x080026ec   Section        0  stm32f4xx_hal_cortex.o(i.__NVIC_SetPriority)
    __NVIC_SetPriority                       0x080026ed   Thumb Code    32  stm32f4xx_hal_cortex.o(i.__NVIC_SetPriority)
    i.__scatterload_copy                     0x0800270c   Section       14  handlers.o(i.__scatterload_copy)
    i.__scatterload_null                     0x0800271a   Section        2  handlers.o(i.__scatterload_null)
    i.__scatterload_zeroinit                 0x0800271c   Section       14  handlers.o(i.__scatterload_zeroinit)
    i._fp_digits                             0x0800272c   Section        0  printfa.o(i._fp_digits)
    _fp_digits                               0x0800272d   Thumb Code   366  printfa.o(i._fp_digits)
    i._printf_core                           0x080028b0   Section        0  printfa.o(i._printf_core)
    _printf_core                             0x080028b1   Thumb Code  1704  printfa.o(i._printf_core)
    i._printf_post_padding                   0x08002f64   Section        0  printfa.o(i._printf_post_padding)
    _printf_post_padding                     0x08002f65   Thumb Code    36  printfa.o(i._printf_post_padding)
    i._printf_pre_padding                    0x08002f88   Section        0  printfa.o(i._printf_pre_padding)
    _printf_pre_padding                      0x08002f89   Thumb Code    46  printfa.o(i._printf_pre_padding)
    i._sputc                                 0x08002fb6   Section        0  printfa.o(i._sputc)
    _sputc                                   0x08002fb7   Thumb Code    10  printfa.o(i._sputc)
    i.bufclr                                 0x08002fc0   Section        0  espdatalogger.o(i.bufclr)
    i.get_heart_oxy                          0x08002fd8   Section        0  main.o(i.get_heart_oxy)
    i.get_temp                               0x08002ff4   Section        0  main.o(i.get_temp)
    i.inHandlerMode                          0x08003058   Section        0  cmsis_os.o(i.inHandlerMode)
    inHandlerMode                            0x08003059   Thumb Code    12  cmsis_os.o(i.inHandlerMode)
    i.main                                   0x08003064   Section        0  main.o(i.main)
    i.makeFreeRtosPriority                   0x080031fc   Section        0  cmsis_os.o(i.makeFreeRtosPriority)
    makeFreeRtosPriority                     0x080031fd   Thumb Code    12  cmsis_os.o(i.makeFreeRtosPriority)
    i.osDelay                                0x08003208   Section        0  cmsis_os.o(i.osDelay)
    i.osKernelStart                          0x08003216   Section        0  cmsis_os.o(i.osKernelStart)
    i.osSemaphoreCreate                      0x08003220   Section        0  cmsis_os.o(i.osSemaphoreCreate)
    i.osSemaphoreRelease                     0x08003260   Section        0  cmsis_os.o(i.osSemaphoreRelease)
    i.osSemaphoreWait                        0x080032b0   Section        0  cmsis_os.o(i.osSemaphoreWait)
    i.osThreadCreate                         0x08003314   Section        0  cmsis_os.o(i.osThreadCreate)
    i.oxygen_task                            0x08003368   Section        0  main.o(i.oxygen_task)
    i.prvAddCurrentTaskToDelayedList         0x0800340c   Section        0  tasks.o(i.prvAddCurrentTaskToDelayedList)
    prvAddCurrentTaskToDelayedList           0x0800340d   Thumb Code   102  tasks.o(i.prvAddCurrentTaskToDelayedList)
    i.prvAddNewTaskToReadyList               0x0800347c   Section        0  tasks.o(i.prvAddNewTaskToReadyList)
    prvAddNewTaskToReadyList                 0x0800347d   Thumb Code   194  tasks.o(i.prvAddNewTaskToReadyList)
    i.prvCheckForValidListAndQueue           0x0800354c   Section        0  timers.o(i.prvCheckForValidListAndQueue)
    prvCheckForValidListAndQueue             0x0800354d   Thumb Code    72  timers.o(i.prvCheckForValidListAndQueue)
    i.prvCopyDataFromQueue                   0x080035a4   Section        0  queue.o(i.prvCopyDataFromQueue)
    prvCopyDataFromQueue                     0x080035a5   Thumb Code    38  queue.o(i.prvCopyDataFromQueue)
    i.prvCopyDataToQueue                     0x080035ca   Section        0  queue.o(i.prvCopyDataToQueue)
    prvCopyDataToQueue                       0x080035cb   Thumb Code   108  queue.o(i.prvCopyDataToQueue)
    i.prvDeleteTCB                           0x08003636   Section        0  tasks.o(i.prvDeleteTCB)
    prvDeleteTCB                             0x08003637   Thumb Code    52  tasks.o(i.prvDeleteTCB)
    i.prvHeapInit                            0x0800366c   Section        0  heap_4.o(i.prvHeapInit)
    prvHeapInit                              0x0800366d   Thumb Code    66  heap_4.o(i.prvHeapInit)
    i.prvIdleTask                            0x080036b8   Section        0  tasks.o(i.prvIdleTask)
    prvIdleTask                              0x080036b9   Thumb Code    82  tasks.o(i.prvIdleTask)
    i.prvInitialiseNewQueue                  0x08003718   Section        0  queue.o(i.prvInitialiseNewQueue)
    prvInitialiseNewQueue                    0x08003719   Thumb Code    22  queue.o(i.prvInitialiseNewQueue)
    i.prvInitialiseNewTask                   0x0800372e   Section        0  tasks.o(i.prvInitialiseNewTask)
    prvInitialiseNewTask                     0x0800372f   Thumb Code   152  tasks.o(i.prvInitialiseNewTask)
    i.prvInsertBlockIntoFreeList             0x080037c8   Section        0  heap_4.o(i.prvInsertBlockIntoFreeList)
    prvInsertBlockIntoFreeList               0x080037c9   Thumb Code    72  heap_4.o(i.prvInsertBlockIntoFreeList)
    i.prvInsertTimerInActiveList             0x08003814   Section        0  timers.o(i.prvInsertTimerInActiveList)
    prvInsertTimerInActiveList               0x08003815   Thumb Code    52  timers.o(i.prvInsertTimerInActiveList)
    i.prvIsQueueEmpty                        0x0800384c   Section        0  queue.o(i.prvIsQueueEmpty)
    prvIsQueueEmpty                          0x0800384d   Thumb Code    28  queue.o(i.prvIsQueueEmpty)
    i.prvProcessReceivedCommands             0x08003868   Section        0  timers.o(i.prvProcessReceivedCommands)
    prvProcessReceivedCommands               0x08003869   Thumb Code   234  timers.o(i.prvProcessReceivedCommands)
    i.prvProcessTimerOrBlockTask             0x08003958   Section        0  timers.o(i.prvProcessTimerOrBlockTask)
    prvProcessTimerOrBlockTask               0x08003959   Thumb Code   182  timers.o(i.prvProcessTimerOrBlockTask)
    i.prvResetNextTaskUnblockTime            0x08003a18   Section        0  tasks.o(i.prvResetNextTaskUnblockTime)
    prvResetNextTaskUnblockTime              0x08003a19   Thumb Code    26  tasks.o(i.prvResetNextTaskUnblockTime)
    i.prvSampleTimeNow                       0x08003a38   Section        0  timers.o(i.prvSampleTimeNow)
    prvSampleTimeNow                         0x08003a39   Thumb Code    36  timers.o(i.prvSampleTimeNow)
    i.prvSwitchTimerLists                    0x08003a60   Section        0  timers.o(i.prvSwitchTimerLists)
    prvSwitchTimerLists                      0x08003a61   Thumb Code   104  timers.o(i.prvSwitchTimerLists)
    i.prvTaskExitError                       0x08003acc   Section        0  port.o(i.prvTaskExitError)
    prvTaskExitError                         0x08003acd   Thumb Code    36  port.o(i.prvTaskExitError)
    i.prvTimerTask                           0x08003af4   Section        0  timers.o(i.prvTimerTask)
    prvTimerTask                             0x08003af5   Thumb Code    32  timers.o(i.prvTimerTask)
    i.prvUnlockQueue                         0x08003b18   Section        0  queue.o(i.prvUnlockQueue)
    prvUnlockQueue                           0x08003b19   Thumb Code   106  queue.o(i.prvUnlockQueue)
    i.pvPortMalloc                           0x08003b84   Section        0  heap_4.o(i.pvPortMalloc)
    i.pvTaskIncrementMutexHeldCount          0x08003c60   Section        0  tasks.o(i.pvTaskIncrementMutexHeldCount)
    i.pxPortInitialiseStack                  0x08003c78   Section        0  port.o(i.pxPortInitialiseStack)
    i.store_char                             0x08003ca4   Section        0  uartringbuffer.o(i.store_char)
    i.temperature_task                       0x08003cbc   Section        0  main.o(i.temperature_task)
    i.uxListRemove                           0x08003d74   Section        0  list.o(i.uxListRemove)
    i.vApplicationGetIdleTaskMemory          0x08003d9c   Section        0  freertos.o(i.vApplicationGetIdleTaskMemory)
    i.vApplicationGetTimerTaskMemory         0x08003db0   Section        0  freertos.o(i.vApplicationGetTimerTaskMemory)
    i.vListInitialise                        0x08003dc8   Section        0  list.o(i.vListInitialise)
    i.vListInitialiseItem                    0x08003dde   Section        0  list.o(i.vListInitialiseItem)
    i.vListInsert                            0x08003de4   Section        0  list.o(i.vListInsert)
    i.vListInsertEnd                         0x08003e14   Section        0  list.o(i.vListInsertEnd)
    i.vPortEnterCritical                     0x08003e2c   Section        0  port.o(i.vPortEnterCritical)
    i.vPortExitCritical                      0x08003e6c   Section        0  port.o(i.vPortExitCritical)
    i.vPortFree                              0x08003e94   Section        0  heap_4.o(i.vPortFree)
    i.vPortSetupTimerInterrupt               0x08003ef8   Section        0  port.o(i.vPortSetupTimerInterrupt)
    i.vPortValidateInterruptPriority         0x08003f1c   Section        0  port.o(i.vPortValidateInterruptPriority)
    i.vQueueAddToRegistry                    0x08003f70   Section        0  queue.o(i.vQueueAddToRegistry)
    i.vQueueWaitForMessageRestricted         0x08003f98   Section        0  queue.o(i.vQueueWaitForMessageRestricted)
    i.vTaskDelay                             0x08003fdc   Section        0  tasks.o(i.vTaskDelay)
    i.vTaskInternalSetTimeOutState           0x08004028   Section        0  tasks.o(i.vTaskInternalSetTimeOutState)
    i.vTaskMissedYield                       0x08004038   Section        0  tasks.o(i.vTaskMissedYield)
    i.vTaskPlaceOnEventList                  0x08004044   Section        0  tasks.o(i.vTaskPlaceOnEventList)
    i.vTaskPlaceOnEventListRestricted        0x08004074   Section        0  tasks.o(i.vTaskPlaceOnEventListRestricted)
    i.vTaskPriorityDisinheritAfterTimeout    0x080040ac   Section        0  tasks.o(i.vTaskPriorityDisinheritAfterTimeout)
    i.vTaskStartScheduler                    0x0800414c   Section        0  tasks.o(i.vTaskStartScheduler)
    i.vTaskSuspendAll                        0x080041d4   Section        0  tasks.o(i.vTaskSuspendAll)
    i.vTaskSwitchContext                     0x080041e4   Section        0  tasks.o(i.vTaskSwitchContext)
    i.wifi_task                              0x08004240   Section        0  main.o(i.wifi_task)
    i.xPortStartScheduler                    0x0800429c   Section        0  port.o(i.xPortStartScheduler)
    i.xQueueGenericCreate                    0x08004390   Section        0  queue.o(i.xQueueGenericCreate)
    i.xQueueGenericCreateStatic              0x080043d2   Section        0  queue.o(i.xQueueGenericCreateStatic)
    i.xQueueGenericReset                     0x08004438   Section        0  queue.o(i.xQueueGenericReset)
    i.xQueueGenericSend                      0x080044c0   Section        0  queue.o(i.xQueueGenericSend)
    i.xQueueGenericSendFromISR               0x08004620   Section        0  queue.o(i.xQueueGenericSendFromISR)
    i.xQueueGiveFromISR                      0x080046de   Section        0  queue.o(i.xQueueGiveFromISR)
    i.xQueueReceive                          0x0800477c   Section        0  queue.o(i.xQueueReceive)
    i.xQueueReceiveFromISR                   0x080048b4   Section        0  queue.o(i.xQueueReceiveFromISR)
    i.xQueueSemaphoreTake                    0x08004950   Section        0  queue.o(i.xQueueSemaphoreTake)
    i.xTaskCheckForTimeOut                   0x08004ac8   Section        0  tasks.o(i.xTaskCheckForTimeOut)
    i.xTaskCreate                            0x08004b3c   Section        0  tasks.o(i.xTaskCreate)
    i.xTaskCreateStatic                      0x08004b96   Section        0  tasks.o(i.xTaskCreateStatic)
    i.xTaskGetSchedulerState                 0x08004bec   Section        0  tasks.o(i.xTaskGetSchedulerState)
    i.xTaskGetTickCount                      0x08004c08   Section        0  tasks.o(i.xTaskGetTickCount)
    i.xTaskIncrementTick                     0x08004c14   Section        0  tasks.o(i.xTaskIncrementTick)
    i.xTaskPriorityDisinherit                0x08004ce0   Section        0  tasks.o(i.xTaskPriorityDisinherit)
    i.xTaskPriorityInherit                   0x08004d78   Section        0  tasks.o(i.xTaskPriorityInherit)
    i.xTaskRemoveFromEventList               0x08004e04   Section        0  tasks.o(i.xTaskRemoveFromEventList)
    i.xTaskResumeAll                         0x08004e78   Section        0  tasks.o(i.xTaskResumeAll)
    i.xTimerCreateTimerTask                  0x08004f3c   Section        0  timers.o(i.xTimerCreateTimerTask)
    i.xTimerGenericCommand                   0x08004f9c   Section        0  timers.o(i.xTimerGenericCommand)
    .constdata                               0x08004ffc   Section       84  main.o(.constdata)
    .constdata                               0x08005050   Section       16  system_stm32f4xx.o(.constdata)
    .constdata                               0x08005060   Section        8  system_stm32f4xx.o(.constdata)
    .conststring                             0x08005068   Section       27  main.o(.conststring)
    .data                                    0x20000000   Section        8  uartringbuffer.o(.data)
    .data                                    0x20000008   Section       48  main.o(.data)
    .data                                    0x20000038   Section       36  stm_my_lcd16x2.o(.data)
    mode_8_4_I2C                             0x20000038   Data           1  stm_my_lcd16x2.o(.data)
    DisplayControl                           0x20000039   Data           1  stm_my_lcd16x2.o(.data)
    FunctionSet                              0x2000003a   Data           1  stm_my_lcd16x2.o(.data)
    PIN_RS                                   0x2000003c   Data           2  stm_my_lcd16x2.o(.data)
    PIN_E                                    0x2000003e   Data           2  stm_my_lcd16x2.o(.data)
    D0_PIN                                   0x20000040   Data           2  stm_my_lcd16x2.o(.data)
    D1_PIN                                   0x20000042   Data           2  stm_my_lcd16x2.o(.data)
    D2_PIN                                   0x20000044   Data           2  stm_my_lcd16x2.o(.data)
    D3_PIN                                   0x20000046   Data           2  stm_my_lcd16x2.o(.data)
    D4_PIN                                   0x20000048   Data           2  stm_my_lcd16x2.o(.data)
    D5_PIN                                   0x2000004a   Data           2  stm_my_lcd16x2.o(.data)
    D6_PIN                                   0x2000004c   Data           2  stm_my_lcd16x2.o(.data)
    D7_PIN                                   0x2000004e   Data           2  stm_my_lcd16x2.o(.data)
    PORT_RS_and_E                            0x20000050   Data           4  stm_my_lcd16x2.o(.data)
    PORT_LSB                                 0x20000054   Data           4  stm_my_lcd16x2.o(.data)
    PORT_MSB                                 0x20000058   Data           4  stm_my_lcd16x2.o(.data)
    .data                                    0x2000005c   Section       12  stm32f4xx_hal.o(.data)
    .data                                    0x20000068   Section        4  system_stm32f4xx.o(.data)
    .data                                    0x2000006c   Section       60  tasks.o(.data)
    uxDeletedTasksWaitingCleanUp             0x20000070   Data           4  tasks.o(.data)
    uxCurrentNumberOfTasks                   0x20000074   Data           4  tasks.o(.data)
    xTickCount                               0x20000078   Data           4  tasks.o(.data)
    uxTopReadyPriority                       0x2000007c   Data           4  tasks.o(.data)
    xSchedulerRunning                        0x20000080   Data           4  tasks.o(.data)
    xPendedTicks                             0x20000084   Data           4  tasks.o(.data)
    xYieldPending                            0x20000088   Data           4  tasks.o(.data)
    xNumOfOverflows                          0x2000008c   Data           4  tasks.o(.data)
    uxTaskNumber                             0x20000090   Data           4  tasks.o(.data)
    xNextTaskUnblockTime                     0x20000094   Data           4  tasks.o(.data)
    xIdleTaskHandle                          0x20000098   Data           4  tasks.o(.data)
    uxSchedulerSuspended                     0x2000009c   Data           4  tasks.o(.data)
    pxDelayedTaskList                        0x200000a0   Data           4  tasks.o(.data)
    pxOverflowDelayedTaskList                0x200000a4   Data           4  tasks.o(.data)
    .data                                    0x200000a8   Section       20  timers.o(.data)
    xTimerQueue                              0x200000a8   Data           4  timers.o(.data)
    xTimerTaskHandle                         0x200000ac   Data           4  timers.o(.data)
    xLastTime                                0x200000b0   Data           4  timers.o(.data)
    pxCurrentTimerList                       0x200000b4   Data           4  timers.o(.data)
    pxOverflowTimerList                      0x200000b8   Data           4  timers.o(.data)
    .data                                    0x200000bc   Section       32  heap_4.o(.data)
    pxEnd                                    0x200000bc   Data           4  heap_4.o(.data)
    xFreeBytesRemaining                      0x200000c0   Data           4  heap_4.o(.data)
    xMinimumEverFreeBytesRemaining           0x200000c4   Data           4  heap_4.o(.data)
    xNumberOfSuccessfulAllocations           0x200000c8   Data           4  heap_4.o(.data)
    xNumberOfSuccessfulFrees                 0x200000cc   Data           4  heap_4.o(.data)
    xBlockAllocatedBit                       0x200000d0   Data           4  heap_4.o(.data)
    xStart                                   0x200000d4   Data           8  heap_4.o(.data)
    .data                                    0x200000dc   Section       12  port.o(.data)
    ucMaxSysCallPriority                     0x200000dc   Data           1  port.o(.data)
    uxCriticalNesting                        0x200000e0   Data           4  port.o(.data)
    ulMaxPRIGROUPValue                       0x200000e4   Data           4  port.o(.data)
    .data                                    0x200000e8   Section        4  rand.o(.data)
    _rand_state                              0x200000e8   Data           4  rand.o(.data)
    .bss                                     0x200000ec   Section      144  uartringbuffer.o(.bss)
    .bss                                     0x2000017c   Section      152  main.o(.bss)
    .bss                                     0x20000214   Section     1704  freertos.o(.bss)
    xIdleTaskTCBBuffer                       0x20000214   Data          84  freertos.o(.bss)
    xIdleStack                               0x20000268   Data         512  freertos.o(.bss)
    xTimerTaskTCBBuffer                      0x20000468   Data          84  freertos.o(.bss)
    xTimerStack                              0x200004bc   Data        1024  freertos.o(.bss)
    .bss                                     0x200008bc   Section       72  stm32f4xx_hal_timebase_tim.o(.bss)
    .bss                                     0x20000904   Section       64  queue.o(.bss)
    .bss                                     0x20000944   Section      240  tasks.o(.bss)
    pxReadyTasksLists                        0x20000944   Data         140  tasks.o(.bss)
    xDelayedTaskList1                        0x200009d0   Data          20  tasks.o(.bss)
    xDelayedTaskList2                        0x200009e4   Data          20  tasks.o(.bss)
    xPendingReadyList                        0x200009f8   Data          20  tasks.o(.bss)
    xTasksWaitingTermination                 0x20000a0c   Data          20  tasks.o(.bss)
    xSuspendedTaskList                       0x20000a20   Data          20  tasks.o(.bss)
    .bss                                     0x20000a34   Section      232  timers.o(.bss)
    xStaticTimerQueue                        0x20000a34   Data          72  timers.o(.bss)
    ucStaticTimerQueueStorage                0x20000a7c   Data         120  timers.o(.bss)
    xActiveTimerList1                        0x20000af4   Data          20  timers.o(.bss)
    xActiveTimerList2                        0x20000b08   Data          20  timers.o(.bss)
    .bss                                     0x20000b1c   Section    15360  heap_4.o(.bss)
    ucHeap                                   0x20000b1c   Data       15360  heap_4.o(.bss)
    STACK                                    0x20004720   Section     1024  startup_stm32f407xx.o(STACK)

    Global Symbols

    Symbol Name                              Value     Ov Type        Size  Object(Section)

    BuildAttributes$$THM_ISAv4$E$P$D$K$B$S$7EM$VFPi3$EXTD16$VFPS$VFMA$PE$A:L22UL41UL21$X:L11$S22US41US21$IEEE1$IW$USESV6$~STKCKD$USESV7$~SHL$OTIME$ROPI$EBA8$MICROLIB$REQ8$PRES8$EABIv2 0x00000000   Number         0  anon$$obj.o ABSOLUTE
    __ARM_use_no_argv                        0x00000000   Number         0  main.o ABSOLUTE
    _printf_a                                0x00000000   Number         0  stubs.o ABSOLUTE
    _printf_c                                0x00000000   Number         0  stubs.o ABSOLUTE
    _printf_charcount                        0x00000000   Number         0  stubs.o ABSOLUTE
    _printf_d                                0x00000000   Number         0  stubs.o ABSOLUTE
    _printf_e                                0x00000000   Number         0  stubs.o ABSOLUTE
    _printf_f                                0x00000000   Number         0  stubs.o ABSOLUTE
    _printf_flags                            0x00000000   Number         0  stubs.o ABSOLUTE
    _printf_fp_dec                           0x00000000   Number         0  stubs.o ABSOLUTE
    _printf_fp_hex                           0x00000000   Number         0  stubs.o ABSOLUTE
    _printf_g                                0x00000000   Number         0  stubs.o ABSOLUTE
    _printf_i                                0x00000000   Number         0  stubs.o ABSOLUTE
    _printf_int_dec                          0x00000000   Number         0  stubs.o ABSOLUTE
    _printf_l                                0x00000000   Number         0  stubs.o ABSOLUTE
    _printf_lc                               0x00000000   Number         0  stubs.o ABSOLUTE
    _printf_ll                               0x00000000   Number         0  stubs.o ABSOLUTE
    _printf_lld                              0x00000000   Number         0  stubs.o ABSOLUTE
    _printf_lli                              0x00000000   Number         0  stubs.o ABSOLUTE
    _printf_llo                              0x00000000   Number         0  stubs.o ABSOLUTE
    _printf_llu                              0x00000000   Number         0  stubs.o ABSOLUTE
    _printf_llx                              0x00000000   Number         0  stubs.o ABSOLUTE
    _printf_longlong_dec                     0x00000000   Number         0  stubs.o ABSOLUTE
    _printf_longlong_hex                     0x00000000   Number         0  stubs.o ABSOLUTE
    _printf_longlong_oct                     0x00000000   Number         0  stubs.o ABSOLUTE
    _printf_ls                               0x00000000   Number         0  stubs.o ABSOLUTE
    _printf_mbtowc                           0x00000000   Number         0  stubs.o ABSOLUTE
    _printf_n                                0x00000000   Number         0  stubs.o ABSOLUTE
    _printf_o                                0x00000000   Number         0  stubs.o ABSOLUTE
    _printf_p                                0x00000000   Number         0  stubs.o ABSOLUTE
    _printf_percent                          0x00000000   Number         0  stubs.o ABSOLUTE
    _printf_pre_padding                      0x00000000   Number         0  stubs.o ABSOLUTE
    _printf_return_value                     0x00000000   Number         0  stubs.o ABSOLUTE
    _printf_s                                0x00000000   Number         0  stubs.o ABSOLUTE
    _printf_sizespec                         0x00000000   Number         0  stubs.o ABSOLUTE
    _printf_str                              0x00000000   Number         0  stubs.o ABSOLUTE
    _printf_truncate_signed                  0x00000000   Number         0  stubs.o ABSOLUTE
    _printf_truncate_unsigned                0x00000000   Number         0  stubs.o ABSOLUTE
    _printf_u                                0x00000000   Number         0  stubs.o ABSOLUTE
    _printf_wc                               0x00000000   Number         0  stubs.o ABSOLUTE
    _printf_wctomb                           0x00000000   Number         0  stubs.o ABSOLUTE
    _printf_widthprec                        0x00000000   Number         0  stubs.o ABSOLUTE
    _printf_x                                0x00000000   Number         0  stubs.o ABSOLUTE
    __arm_fini_                               - Undefined Weak Reference
    __cpp_initialize__aeabi_                  - Undefined Weak Reference
    __cxa_finalize                            - Undefined Weak Reference
    __decompress                              - Undefined Weak Reference
    _clock_init                               - Undefined Weak Reference
    _microlib_exit                            - Undefined Weak Reference
    __Vectors_Size                           0x00000188   Number         0  startup_stm32f407xx.o ABSOLUTE
    __Vectors                                0x08000000   Data           4  startup_stm32f407xx.o(RESET)
    __Vectors_End                            0x08000188   Data           0  startup_stm32f407xx.o(RESET)
    __main                                   0x08000189   Thumb Code     0  entry.o(.ARM.Collect$$$$00000000)
    _main_stk                                0x08000189   Thumb Code     0  entry2.o(.ARM.Collect$$$$00000001)
    _main_scatterload                        0x0800018d   Thumb Code     0  entry5.o(.ARM.Collect$$$$00000004)
    __main_after_scatterload                 0x08000191   Thumb Code     0  entry5.o(.ARM.Collect$$$$00000004)
    _main_clock                              0x08000191   Thumb Code     0  entry7b.o(.ARM.Collect$$$$00000008)
    _main_cpp_init                           0x08000191   Thumb Code     0  entry8b.o(.ARM.Collect$$$$0000000A)
    _main_init                               0x08000191   Thumb Code     0  entry9a.o(.ARM.Collect$$$$0000000B)
    __rt_lib_shutdown_fini                   0x08000199   Thumb Code     0  entry12b.o(.ARM.Collect$$$$0000000E)
    __rt_final_cpp                           0x0800019d   Thumb Code     0  entry10a.o(.ARM.Collect$$$$0000000F)
    __rt_final_exit                          0x0800019d   Thumb Code     0  entry11a.o(.ARM.Collect$$$$00000011)
    SVC_Handler                              0x080001a1   Thumb Code    28  port.o(.emb_text)
    __asm___6_port_c_39a90d8d__prvStartFirstTask 0x080001c1   Thumb Code    36  port.o(.emb_text)
    __asm___6_port_c_39a90d8d__prvEnableVFP  0x080001e9   Thumb Code    16  port.o(.emb_text)
    PendSV_Handler                           0x080001fd   Thumb Code    88  port.o(.emb_text)
    vPortGetIPSR                             0x08000259   Thumb Code     6  port.o(.emb_text)
    Reset_Handler                            0x08000261   Thumb Code     8  startup_stm32f407xx.o(.text)
    ADC_IRQHandler                           0x0800027b   Thumb Code     0  startup_stm32f407xx.o(.text)
    CAN1_RX0_IRQHandler                      0x0800027b   Thumb Code     0  startup_stm32f407xx.o(.text)
    CAN1_RX1_IRQHandler                      0x0800027b   Thumb Code     0  startup_stm32f407xx.o(.text)
    CAN1_SCE_IRQHandler                      0x0800027b   Thumb Code     0  startup_stm32f407xx.o(.text)
    CAN1_TX_IRQHandler                       0x0800027b   Thumb Code     0  startup_stm32f407xx.o(.text)
    CAN2_RX0_IRQHandler                      0x0800027b   Thumb Code     0  startup_stm32f407xx.o(.text)
    CAN2_RX1_IRQHandler                      0x0800027b   Thumb Code     0  startup_stm32f407xx.o(.text)
    CAN2_SCE_IRQHandler                      0x0800027b   Thumb Code     0  startup_stm32f407xx.o(.text)
    CAN2_TX_IRQHandler                       0x0800027b   Thumb Code     0  startup_stm32f407xx.o(.text)
    DCMI_IRQHandler                          0x0800027b   Thumb Code     0  startup_stm32f407xx.o(.text)
    DMA1_Stream0_IRQHandler                  0x0800027b   Thumb Code     0  startup_stm32f407xx.o(.text)
    DMA1_Stream1_IRQHandler                  0x0800027b   Thumb Code     0  startup_stm32f407xx.o(.text)
    DMA1_Stream2_IRQHandler                  0x0800027b   Thumb Code     0  startup_stm32f407xx.o(.text)
    DMA1_Stream3_IRQHandler                  0x0800027b   Thumb Code     0  startup_stm32f407xx.o(.text)
    DMA1_Stream4_IRQHandler                  0x0800027b   Thumb Code     0  startup_stm32f407xx.o(.text)
    DMA1_Stream5_IRQHandler                  0x0800027b   Thumb Code     0  startup_stm32f407xx.o(.text)
    DMA1_Stream6_IRQHandler                  0x0800027b   Thumb Code     0  startup_stm32f407xx.o(.text)
    DMA1_Stream7_IRQHandler                  0x0800027b   Thumb Code     0  startup_stm32f407xx.o(.text)
    DMA2_Stream0_IRQHandler                  0x0800027b   Thumb Code     0  startup_stm32f407xx.o(.text)
    DMA2_Stream1_IRQHandler                  0x0800027b   Thumb Code     0  startup_stm32f407xx.o(.text)
    DMA2_Stream2_IRQHandler                  0x0800027b   Thumb Code     0  startup_stm32f407xx.o(.text)
    DMA2_Stream3_IRQHandler                  0x0800027b   Thumb Code     0  startup_stm32f407xx.o(.text)
    DMA2_Stream4_IRQHandler                  0x0800027b   Thumb Code     0  startup_stm32f407xx.o(.text)
    DMA2_Stream5_IRQHandler                  0x0800027b   Thumb Code     0  startup_stm32f407xx.o(.text)
    DMA2_Stream6_IRQHandler                  0x0800027b   Thumb Code     0  startup_stm32f407xx.o(.text)
    DMA2_Stream7_IRQHandler                  0x0800027b   Thumb Code     0  startup_stm32f407xx.o(.text)
    ETH_IRQHandler                           0x0800027b   Thumb Code     0  startup_stm32f407xx.o(.text)
    ETH_WKUP_IRQHandler                      0x0800027b   Thumb Code     0  startup_stm32f407xx.o(.text)
    EXTI0_IRQHandler                         0x0800027b   Thumb Code     0  startup_stm32f407xx.o(.text)
    EXTI15_10_IRQHandler                     0x0800027b   Thumb Code     0  startup_stm32f407xx.o(.text)
    EXTI1_IRQHandler                         0x0800027b   Thumb Code     0  startup_stm32f407xx.o(.text)
    EXTI2_IRQHandler                         0x0800027b   Thumb Code     0  startup_stm32f407xx.o(.text)
    EXTI3_IRQHandler                         0x0800027b   Thumb Code     0  startup_stm32f407xx.o(.text)
    EXTI4_IRQHandler                         0x0800027b   Thumb Code     0  startup_stm32f407xx.o(.text)
    EXTI9_5_IRQHandler                       0x0800027b   Thumb Code     0  startup_stm32f407xx.o(.text)
    FLASH_IRQHandler                         0x0800027b   Thumb Code     0  startup_stm32f407xx.o(.text)
    FMC_IRQHandler                           0x0800027b   Thumb Code     0  startup_stm32f407xx.o(.text)
    FPU_IRQHandler                           0x0800027b   Thumb Code     0  startup_stm32f407xx.o(.text)
    HASH_RNG_IRQHandler                      0x0800027b   Thumb Code     0  startup_stm32f407xx.o(.text)
    I2C1_ER_IRQHandler                       0x0800027b   Thumb Code     0  startup_stm32f407xx.o(.text)
    I2C1_EV_IRQHandler                       0x0800027b   Thumb Code     0  startup_stm32f407xx.o(.text)
    I2C2_ER_IRQHandler                       0x0800027b   Thumb Code     0  startup_stm32f407xx.o(.text)
    I2C2_EV_IRQHandler                       0x0800027b   Thumb Code     0  startup_stm32f407xx.o(.text)
    I2C3_ER_IRQHandler                       0x0800027b   Thumb Code     0  startup_stm32f407xx.o(.text)
    I2C3_EV_IRQHandler                       0x0800027b   Thumb Code     0  startup_stm32f407xx.o(.text)
    OTG_FS_IRQHandler                        0x0800027b   Thumb Code     0  startup_stm32f407xx.o(.text)
    OTG_FS_WKUP_IRQHandler                   0x0800027b   Thumb Code     0  startup_stm32f407xx.o(.text)
    OTG_HS_EP1_IN_IRQHandler                 0x0800027b   Thumb Code     0  startup_stm32f407xx.o(.text)
    OTG_HS_EP1_OUT_IRQHandler                0x0800027b   Thumb Code     0  startup_stm32f407xx.o(.text)
    OTG_HS_IRQHandler                        0x0800027b   Thumb Code     0  startup_stm32f407xx.o(.text)
    OTG_HS_WKUP_IRQHandler                   0x0800027b   Thumb Code     0  startup_stm32f407xx.o(.text)
    PVD_IRQHandler                           0x0800027b   Thumb Code     0  startup_stm32f407xx.o(.text)
    RCC_IRQHandler                           0x0800027b   Thumb Code     0  startup_stm32f407xx.o(.text)
    RTC_Alarm_IRQHandler                     0x0800027b   Thumb Code     0  startup_stm32f407xx.o(.text)
    RTC_WKUP_IRQHandler                      0x0800027b   Thumb Code     0  startup_stm32f407xx.o(.text)
    SDIO_IRQHandler                          0x0800027b   Thumb Code     0  startup_stm32f407xx.o(.text)
    SPI1_IRQHandler                          0x0800027b   Thumb Code     0  startup_stm32f407xx.o(.text)
    SPI2_IRQHandler                          0x0800027b   Thumb Code     0  startup_stm32f407xx.o(.text)
    SPI3_IRQHandler                          0x0800027b   Thumb Code     0  startup_stm32f407xx.o(.text)
    TAMP_STAMP_IRQHandler                    0x0800027b   Thumb Code     0  startup_stm32f407xx.o(.text)
    TIM1_BRK_TIM9_IRQHandler                 0x0800027b   Thumb Code     0  startup_stm32f407xx.o(.text)
    TIM1_CC_IRQHandler                       0x0800027b   Thumb Code     0  startup_stm32f407xx.o(.text)
    TIM1_TRG_COM_TIM11_IRQHandler            0x0800027b   Thumb Code     0  startup_stm32f407xx.o(.text)
    TIM2_IRQHandler                          0x0800027b   Thumb Code     0  startup_stm32f407xx.o(.text)
    TIM3_IRQHandler                          0x0800027b   Thumb Code     0  startup_stm32f407xx.o(.text)
    TIM4_IRQHandler                          0x0800027b   Thumb Code     0  startup_stm32f407xx.o(.text)
    TIM5_IRQHandler                          0x0800027b   Thumb Code     0  startup_stm32f407xx.o(.text)
    TIM6_DAC_IRQHandler                      0x0800027b   Thumb Code     0  startup_stm32f407xx.o(.text)
    TIM7_IRQHandler                          0x0800027b   Thumb Code     0  startup_stm32f407xx.o(.text)
    TIM8_BRK_TIM12_IRQHandler                0x0800027b   Thumb Code     0  startup_stm32f407xx.o(.text)
    TIM8_CC_IRQHandler                       0x0800027b   Thumb Code     0  startup_stm32f407xx.o(.text)
    TIM8_TRG_COM_TIM14_IRQHandler            0x0800027b   Thumb Code     0  startup_stm32f407xx.o(.text)
    TIM8_UP_TIM13_IRQHandler                 0x0800027b   Thumb Code     0  startup_stm32f407xx.o(.text)
    UART5_IRQHandler                         0x0800027b   Thumb Code     0  startup_stm32f407xx.o(.text)
    USART1_IRQHandler                        0x0800027b   Thumb Code     0  startup_stm32f407xx.o(.text)
    USART2_IRQHandler                        0x0800027b   Thumb Code     0  startup_stm32f407xx.o(.text)
    USART3_IRQHandler                        0x0800027b   Thumb Code     0  startup_stm32f407xx.o(.text)
    USART6_IRQHandler                        0x0800027b   Thumb Code     0  startup_stm32f407xx.o(.text)
    WWDG_IRQHandler                          0x0800027b   Thumb Code     0  startup_stm32f407xx.o(.text)
    __aeabi_uldivmod                         0x08000285   Thumb Code    98  uldiv.o(.text)
    rand                                     0x080002e9   Thumb Code    20  rand.o(.text)
    srand                                    0x080002fd   Thumb Code     6  rand.o(.text)
    __aeabi_memcpy                           0x0800030d   Thumb Code    36  memcpya.o(.text)
    __aeabi_memcpy4                          0x0800030d   Thumb Code     0  memcpya.o(.text)
    __aeabi_memcpy8                          0x0800030d   Thumb Code     0  memcpya.o(.text)
    __aeabi_memset                           0x08000331   Thumb Code    14  memseta.o(.text)
    __aeabi_memset4                          0x08000331   Thumb Code     0  memseta.o(.text)
    __aeabi_memset8                          0x08000331   Thumb Code     0  memseta.o(.text)
    __aeabi_memclr                           0x0800033f   Thumb Code     4  memseta.o(.text)
    __aeabi_memclr4                          0x0800033f   Thumb Code     0  memseta.o(.text)
    __aeabi_memclr8                          0x0800033f   Thumb Code     0  memseta.o(.text)
    memset                                   0x08000343   Thumb Code    18  memseta.o(.text)
    strlen                                   0x08000355   Thumb Code    14  strlen.o(.text)
    __aeabi_dadd                             0x08000363   Thumb Code   322  dadd.o(.text)
    __aeabi_dsub                             0x080004a5   Thumb Code     6  dadd.o(.text)
    __aeabi_drsub                            0x080004ab   Thumb Code     6  dadd.o(.text)
    __aeabi_dmul                             0x080004b1   Thumb Code   228  dmul.o(.text)
    __aeabi_ui2d                             0x08000595   Thumb Code    26  dfltui.o(.text)
    __aeabi_d2uiz                            0x080005af   Thumb Code    50  dfixui.o(.text)
    __aeabi_d2f                              0x080005e1   Thumb Code    56  d2f.o(.text)
    __aeabi_uidiv                            0x08000619   Thumb Code     0  uidiv.o(.text)
    __aeabi_uidivmod                         0x08000619   Thumb Code    44  uidiv.o(.text)
    __aeabi_llsl                             0x08000645   Thumb Code    30  llshl.o(.text)
    _ll_shift_l                              0x08000645   Thumb Code     0  llshl.o(.text)
    __aeabi_llsr                             0x08000663   Thumb Code    32  llushr.o(.text)
    _ll_ushift_r                             0x08000663   Thumb Code     0  llushr.o(.text)
    __aeabi_lasr                             0x08000683   Thumb Code    36  llsshr.o(.text)
    _ll_sshift_r                             0x08000683   Thumb Code     0  llsshr.o(.text)
    __I$use$fp                               0x080006a7   Thumb Code     0  iusefp.o(.text)
    _float_round                             0x080006a7   Thumb Code    18  fepilogue.o(.text)
    _float_epilogue                          0x080006b9   Thumb Code    92  fepilogue.o(.text)
    _double_round                            0x08000715   Thumb Code    30  depilogue.o(.text)
    _double_epilogue                         0x08000733   Thumb Code   156  depilogue.o(.text)
    __aeabi_ddiv                             0x080007cf   Thumb Code   222  ddiv.o(.text)
    __aeabi_d2ulz                            0x080008ad   Thumb Code    48  dfixul.o(.text)
    __aeabi_cdrcmple                         0x080008dd   Thumb Code    48  cdrcmple.o(.text)
    __scatterload                            0x0800090d   Thumb Code    28  init.o(.text)
    __scatterload_rt2                        0x0800090d   Thumb Code     0  init.o(.text)
    BusFault_Handler                         0x08000931   Thumb Code     2  stm32f4xx_it.o(i.BusFault_Handler)
    DebugMon_Handler                         0x08000933   Thumb Code     2  stm32f4xx_it.o(i.DebugMon_Handler)
    ESP_Init                                 0x08000935   Thumb Code   108  espdatalogger.o(i.ESP_Init)
    ESP_Send_Data                            0x080009fd   Thumb Code   134  espdatalogger.o(i.ESP_Send_Data)
    HAL_Delay                                0x08000b05   Thumb Code    32  stm32f4xx_hal.o(i.HAL_Delay)
    HAL_GPIO_Init                            0x08000b29   Thumb Code   450  stm32f4xx_hal_gpio.o(i.HAL_GPIO_Init)
    HAL_GPIO_TogglePin                       0x08000d19   Thumb Code    16  stm32f4xx_hal_gpio.o(i.HAL_GPIO_TogglePin)
    HAL_GPIO_WritePin                        0x08000d29   Thumb Code    10  stm32f4xx_hal_gpio.o(i.HAL_GPIO_WritePin)
    HAL_GetTick                              0x08000d35   Thumb Code     6  stm32f4xx_hal.o(i.HAL_GetTick)
    HAL_I2C_Init                             0x08000d41   Thumb Code   376  stm32f4xx_hal_i2c.o(i.HAL_I2C_Init)
    HAL_I2C_Mem_Read                         0x08000ec9   Thumb Code   490  stm32f4xx_hal_i2c.o(i.HAL_I2C_Mem_Read)
    HAL_I2C_MspInit                          0x080010c1   Thumb Code    92  stm32f4xx_hal_msp.o(i.HAL_I2C_MspInit)
    HAL_IncTick                              0x08001129   Thumb Code    12  stm32f4xx_hal.o(i.HAL_IncTick)
    HAL_Init                                 0x08001139   Thumb Code    48  stm32f4xx_hal.o(i.HAL_Init)
    HAL_InitTick                             0x0800116d   Thumb Code   100  stm32f4xx_hal_timebase_tim.o(i.HAL_InitTick)
    HAL_MspInit                              0x080011e1   Thumb Code    52  stm32f4xx_hal_msp.o(i.HAL_MspInit)
    HAL_NVIC_EnableIRQ                       0x08001219   Thumb Code    26  stm32f4xx_hal_cortex.o(i.HAL_NVIC_EnableIRQ)
    HAL_NVIC_SetPriority                     0x08001235   Thumb Code    60  stm32f4xx_hal_cortex.o(i.HAL_NVIC_SetPriority)
    HAL_NVIC_SetPriorityGrouping             0x08001275   Thumb Code    26  stm32f4xx_hal_cortex.o(i.HAL_NVIC_SetPriorityGrouping)
    HAL_RCC_ClockConfig                      0x08001299   Thumb Code   288  stm32f4xx_hal_rcc.o(i.HAL_RCC_ClockConfig)
    HAL_RCC_GetClockConfig                   0x080013cd   Thumb Code    54  stm32f4xx_hal_rcc.o(i.HAL_RCC_GetClockConfig)
    HAL_RCC_GetPCLK1Freq                     0x0800140d   Thumb Code    20  stm32f4xx_hal_rcc.o(i.HAL_RCC_GetPCLK1Freq)
    HAL_RCC_GetPCLK2Freq                     0x0800142d   Thumb Code    20  stm32f4xx_hal_rcc.o(i.HAL_RCC_GetPCLK2Freq)
    HAL_RCC_GetSysClockFreq                  0x0800144d   Thumb Code    88  stm32f4xx_hal_rcc.o(i.HAL_RCC_GetSysClockFreq)
    HAL_RCC_OscConfig                        0x080014b1   Thumb Code   856  stm32f4xx_hal_rcc.o(i.HAL_RCC_OscConfig)
    HAL_TIMEx_BreakCallback                  0x0800181d   Thumb Code     2  stm32f4xx_hal_tim_ex.o(i.HAL_TIMEx_BreakCallback)
    HAL_TIMEx_CommutCallback                 0x0800181f   Thumb Code     2  stm32f4xx_hal_tim_ex.o(i.HAL_TIMEx_CommutCallback)
    HAL_TIM_Base_Init                        0x08001821   Thumb Code    90  stm32f4xx_hal_tim.o(i.HAL_TIM_Base_Init)
    HAL_TIM_Base_MspInit                     0x0800187b   Thumb Code     2  stm32f4xx_hal_tim.o(i.HAL_TIM_Base_MspInit)
    HAL_TIM_Base_Start_IT                    0x0800187d   Thumb Code   100  stm32f4xx_hal_tim.o(i.HAL_TIM_Base_Start_IT)
    HAL_TIM_IC_CaptureCallback               0x080018fd   Thumb Code     2  stm32f4xx_hal_tim.o(i.HAL_TIM_IC_CaptureCallback)
    HAL_TIM_IRQHandler                       0x080018ff   Thumb Code   358  stm32f4xx_hal_tim.o(i.HAL_TIM_IRQHandler)
    HAL_TIM_OC_DelayElapsedCallback          0x08001a65   Thumb Code     2  stm32f4xx_hal_tim.o(i.HAL_TIM_OC_DelayElapsedCallback)
    HAL_TIM_PWM_PulseFinishedCallback        0x08001a67   Thumb Code     2  stm32f4xx_hal_tim.o(i.HAL_TIM_PWM_PulseFinishedCallback)
    HAL_TIM_PeriodElapsedCallback            0x08001a69   Thumb Code    14  main.o(i.HAL_TIM_PeriodElapsedCallback)
    HAL_TIM_TriggerCallback                  0x08001a7d   Thumb Code     2  stm32f4xx_hal_tim.o(i.HAL_TIM_TriggerCallback)
    HAL_UART_Init                            0x08001a7f   Thumb Code    98  stm32f4xx_hal_uart.o(i.HAL_UART_Init)
    HAL_UART_MspInit                         0x08001ae1   Thumb Code   106  stm32f4xx_hal_msp.o(i.HAL_UART_MspInit)
    HardFault_Handler                        0x08001b59   Thumb Code     2  stm32f4xx_it.o(i.HardFault_Handler)
    IsDataAvailable                          0x08001e35   Thumb Code    16  uartringbuffer.o(i.IsDataAvailable)
    LCD1602_1stLine                          0x08001e49   Thumb Code     8  stm_my_lcd16x2.o(i.LCD1602_1stLine)
    LCD1602_2ndLine                          0x08001e51   Thumb Code     8  stm_my_lcd16x2.o(i.LCD1602_2ndLine)
    LCD1602_Begin4BIT                        0x08001e59   Thumb Code   130  stm_my_lcd16x2.o(i.LCD1602_Begin4BIT)
    LCD1602_PrintInt                         0x08001f0d   Thumb Code    20  stm_my_lcd16x2.o(i.LCD1602_PrintInt)
    LCD1602_clear                            0x08001ff9   Thumb Code    18  stm_my_lcd16x2.o(i.LCD1602_clear)
    LCD1602_print                            0x0800200b   Thumb Code    36  stm_my_lcd16x2.o(i.LCD1602_print)
    LCD1602_setCursor                        0x08002031   Thumb Code    26  stm_my_lcd16x2.o(i.LCD1602_setCursor)
    MemManage_Handler                        0x08002279   Thumb Code     2  stm32f4xx_it.o(i.MemManage_Handler)
    NMI_Handler                              0x0800227b   Thumb Code     2  stm32f4xx_it.o(i.NMI_Handler)
    Ringbuf_init                             0x0800227d   Thumb Code    34  uartringbuffer.o(i.Ringbuf_init)
    SysTick_Handler                          0x080022ad   Thumb Code    38  port.o(i.SysTick_Handler)
    SystemClock_Config                       0x080022d9   Thumb Code   140  main.o(i.SystemClock_Config)
    SystemInit                               0x0800236d   Thumb Code    12  system_stm32f4xx.o(i.SystemInit)
    TIM1_UP_TIM10_IRQHandler                 0x0800237d   Thumb Code     6  stm32f4xx_it.o(i.TIM1_UP_TIM10_IRQHandler)
    TIM_Base_SetConfig                       0x08002389   Thumb Code   156  stm32f4xx_hal_tim.o(i.TIM_Base_SetConfig)
    UART4_IRQHandler                         0x08002451   Thumb Code     6  stm32f4xx_it.o(i.UART4_IRQHandler)
    Uart_flush                               0x08002569   Thumb Code    10  uartringbuffer.o(i.Uart_flush)
    Uart_isr                                 0x08002579   Thumb Code    84  uartringbuffer.o(i.Uart_isr)
    Uart_peek                                0x080025d5   Thumb Code    24  uartringbuffer.o(i.Uart_peek)
    Uart_read                                0x080025f1   Thumb Code    34  uartringbuffer.o(i.Uart_read)
    Uart_sendstring                          0x08002619   Thumb Code    20  uartringbuffer.o(i.Uart_sendstring)
    Uart_write                               0x0800262d   Thumb Code    42  uartringbuffer.o(i.Uart_write)
    UsageFault_Handler                       0x08002661   Thumb Code     2  stm32f4xx_it.o(i.UsageFault_Handler)
    Wait_for                                 0x08002665   Thumb Code    90  uartringbuffer.o(i.Wait_for)
    __0sprintf                               0x080026c5   Thumb Code    34  printfa.o(i.__0sprintf)
    __1sprintf                               0x080026c5   Thumb Code     0  printfa.o(i.__0sprintf)
    __2sprintf                               0x080026c5   Thumb Code     0  printfa.o(i.__0sprintf)
    __c89sprintf                             0x080026c5   Thumb Code     0  printfa.o(i.__0sprintf)
    sprintf                                  0x080026c5   Thumb Code     0  printfa.o(i.__0sprintf)
    __scatterload_copy                       0x0800270d   Thumb Code    14  handlers.o(i.__scatterload_copy)
    __scatterload_null                       0x0800271b   Thumb Code     2  handlers.o(i.__scatterload_null)
    __scatterload_zeroinit                   0x0800271d   Thumb Code    14  handlers.o(i.__scatterload_zeroinit)
    bufclr                                   0x08002fc1   Thumb Code    24  espdatalogger.o(i.bufclr)
    get_heart_oxy                            0x08002fd9   Thumb Code    22  main.o(i.get_heart_oxy)
    get_temp                                 0x08002ff5   Thumb Code    74  main.o(i.get_temp)
    main                                     0x08003065   Thumb Code   278  main.o(i.main)
    osDelay                                  0x08003209   Thumb Code    14  cmsis_os.o(i.osDelay)
    osKernelStart                            0x08003217   Thumb Code    10  cmsis_os.o(i.osKernelStart)
    osSemaphoreCreate                        0x08003221   Thumb Code    62  cmsis_os.o(i.osSemaphoreCreate)
    osSemaphoreRelease                       0x08003261   Thumb Code    74  cmsis_os.o(i.osSemaphoreRelease)
    osSemaphoreWait                          0x080032b1   Thumb Code    96  cmsis_os.o(i.osSemaphoreWait)
    osThreadCreate                           0x08003315   Thumb Code    84  cmsis_os.o(i.osThreadCreate)
    oxygen_task                              0x08003369   Thumb Code   118  main.o(i.oxygen_task)
    pvPortMalloc                             0x08003b85   Thumb Code   216  heap_4.o(i.pvPortMalloc)
    pvTaskIncrementMutexHeldCount            0x08003c61   Thumb Code    18  tasks.o(i.pvTaskIncrementMutexHeldCount)
    pxPortInitialiseStack                    0x08003c79   Thumb Code    40  port.o(i.pxPortInitialiseStack)
    store_char                               0x08003ca5   Thumb Code    22  uartringbuffer.o(i.store_char)
    temperature_task                         0x08003cbd   Thumb Code   138  main.o(i.temperature_task)
    uxListRemove                             0x08003d75   Thumb Code    38  list.o(i.uxListRemove)
    vApplicationGetIdleTaskMemory            0x08003d9d   Thumb Code    16  freertos.o(i.vApplicationGetIdleTaskMemory)
    vApplicationGetTimerTaskMemory           0x08003db1   Thumb Code    18  freertos.o(i.vApplicationGetTimerTaskMemory)
    vListInitialise                          0x08003dc9   Thumb Code    22  list.o(i.vListInitialise)
    vListInitialiseItem                      0x08003ddf   Thumb Code     6  list.o(i.vListInitialiseItem)
    vListInsert                              0x08003de5   Thumb Code    48  list.o(i.vListInsert)
    vListInsertEnd                           0x08003e15   Thumb Code    24  list.o(i.vListInsertEnd)
    vPortEnterCritical                       0x08003e2d   Thumb Code    54  port.o(i.vPortEnterCritical)
    vPortExitCritical                        0x08003e6d   Thumb Code    34  port.o(i.vPortExitCritical)
    vPortFree                                0x08003e95   Thumb Code    94  heap_4.o(i.vPortFree)
    vPortSetupTimerInterrupt                 0x08003ef9   Thumb Code    32  port.o(i.vPortSetupTimerInterrupt)
    vPortValidateInterruptPriority           0x08003f1d   Thumb Code    74  port.o(i.vPortValidateInterruptPriority)
    vQueueAddToRegistry                      0x08003f71   Thumb Code    34  queue.o(i.vQueueAddToRegistry)
    vQueueWaitForMessageRestricted           0x08003f99   Thumb Code    68  queue.o(i.vQueueWaitForMessageRestricted)
    vTaskDelay                               0x08003fdd   Thumb Code    66  tasks.o(i.vTaskDelay)
    vTaskInternalSetTimeOutState             0x08004029   Thumb Code    12  tasks.o(i.vTaskInternalSetTimeOutState)
    vTaskMissedYield                         0x08004039   Thumb Code     8  tasks.o(i.vTaskMissedYield)
    vTaskPlaceOnEventList                    0x08004045   Thumb Code    44  tasks.o(i.vTaskPlaceOnEventList)
    vTaskPlaceOnEventListRestricted          0x08004075   Thumb Code    52  tasks.o(i.vTaskPlaceOnEventListRestricted)
    vTaskPriorityDisinheritAfterTimeout      0x080040ad   Thumb Code   152  tasks.o(i.vTaskPriorityDisinheritAfterTimeout)
    vTaskStartScheduler                      0x0800414d   Thumb Code   118  tasks.o(i.vTaskStartScheduler)
    vTaskSuspendAll                          0x080041d5   Thumb Code    10  tasks.o(i.vTaskSuspendAll)
    vTaskSwitchContext                       0x080041e5   Thumb Code    82  tasks.o(i.vTaskSwitchContext)
    wifi_task                                0x08004241   Thumb Code    62  main.o(i.wifi_task)
    xPortStartScheduler                      0x0800429d   Thumb Code   222  port.o(i.xPortStartScheduler)
    xQueueGenericCreate                      0x08004391   Thumb Code    66  queue.o(i.xQueueGenericCreate)
    xQueueGenericCreateStatic                0x080043d3   Thumb Code   102  queue.o(i.xQueueGenericCreateStatic)
    xQueueGenericReset                       0x08004439   Thumb Code   132  queue.o(i.xQueueGenericReset)
    xQueueGenericSend                        0x080044c1   Thumb Code   346  queue.o(i.xQueueGenericSend)
    xQueueGenericSendFromISR                 0x08004621   Thumb Code   190  queue.o(i.xQueueGenericSendFromISR)
    xQueueGiveFromISR                        0x080046df   Thumb Code   156  queue.o(i.xQueueGiveFromISR)
    xQueueReceive                            0x0800477d   Thumb Code   308  queue.o(i.xQueueReceive)
    xQueueReceiveFromISR                     0x080048b5   Thumb Code   154  queue.o(i.xQueueReceiveFromISR)
    xQueueSemaphoreTake                      0x08004951   Thumb Code   372  queue.o(i.xQueueSemaphoreTake)
    xTaskCheckForTimeOut                     0x08004ac9   Thumb Code   112  tasks.o(i.xTaskCheckForTimeOut)
    xTaskCreate                              0x08004b3d   Thumb Code    90  tasks.o(i.xTaskCreate)
    xTaskCreateStatic                        0x08004b97   Thumb Code    86  tasks.o(i.xTaskCreateStatic)
    xTaskGetSchedulerState                   0x08004bed   Thumb Code    22  tasks.o(i.xTaskGetSchedulerState)
    xTaskGetTickCount                        0x08004c09   Thumb Code     6  tasks.o(i.xTaskGetTickCount)
    xTaskIncrementTick                       0x08004c15   Thumb Code   194  tasks.o(i.xTaskIncrementTick)
    xTaskPriorityDisinherit                  0x08004ce1   Thumb Code   144  tasks.o(i.xTaskPriorityDisinherit)
    xTaskPriorityInherit                     0x08004d79   Thumb Code   130  tasks.o(i.xTaskPriorityInherit)
    xTaskRemoveFromEventList                 0x08004e05   Thumb Code   108  tasks.o(i.xTaskRemoveFromEventList)
    xTaskResumeAll                           0x08004e79   Thumb Code   182  tasks.o(i.xTaskResumeAll)
    xTimerCreateTimerTask                    0x08004f3d   Thumb Code    78  timers.o(i.xTimerCreateTimerTask)
    xTimerGenericCommand                     0x08004f9d   Thumb Code    92  timers.o(i.xTimerGenericCommand)
    AHBPrescTable                            0x08005050   Data          16  system_stm32f4xx.o(.constdata)
    APBPrescTable                            0x08005060   Data           8  system_stm32f4xx.o(.constdata)
    Region$$Table$$Base                      0x08005084   Number         0  anon$$obj.o(Region$$Table)
    Region$$Table$$Limit                     0x080050a4   Number         0  anon$$obj.o(Region$$Table)
    _rx_buffer                               0x20000000   Data           4  uartringbuffer.o(.data)
    _tx_buffer                               0x20000004   Data           4  uartringbuffer.o(.data)
    HearRate                                 0x20000008   Data           2  main.o(.data)
    Body_temperature                         0x2000000a   Data           2  main.o(.data)
    Room_Temperature                         0x2000000c   Data           2  main.o(.data)
    dt                                       0x2000000e   Data           2  main.o(.data)
    buff                                     0x20000010   Data           3  main.o(.data)
    count                                    0x20000014   Data           4  main.o(.data)
    oxy                                      0x20000018   Data           4  main.o(.data)
    tempratureHandle                         0x2000001c   Data           4  main.o(.data)
    wifiHandle                               0x20000020   Data           4  main.o(.data)
    oxygenHandle                             0x20000024   Data           4  main.o(.data)
    myBinarySem01Handle                      0x20000028   Data           4  main.o(.data)
    Object                                   0x2000002c   Data           4  main.o(.data)
    Room                                     0x20000030   Data           4  main.o(.data)
    tempo                                    0x20000034   Data           4  main.o(.data)
    uwTickFreq                               0x2000005c   Data           1  stm32f4xx_hal.o(.data)
    uwTickPrio                               0x20000060   Data           4  stm32f4xx_hal.o(.data)
    uwTick                                   0x20000064   Data           4  stm32f4xx_hal.o(.data)
    SystemCoreClock                          0x20000068   Data           4  system_stm32f4xx.o(.data)
    pxCurrentTCB                             0x2000006c   Data           4  tasks.o(.data)
    rx_buffer                                0x200000ec   Data          72  uartringbuffer.o(.bss)
    tx_buffer                                0x20000134   Data          72  uartringbuffer.o(.bss)
    hi2c1                                    0x2000017c   Data          84  main.o(.bss)
    huart4                                   0x200001d0   Data          68  main.o(.bss)
    htim1                                    0x200008bc   Data          72  stm32f4xx_hal_timebase_tim.o(.bss)
    xQueueRegistry                           0x20000904   Data          64  queue.o(.bss)
    __initial_sp                             0x20004b20   Data           0  startup_stm32f407xx.o(STACK)



==============================================================================

Memory Map of the image

  Image Entry point : 0x08000189

  Load Region LR_IROM1 (Base: 0x08000000, Size: 0x00005190, Max: 0x00100000, ABSOLUTE)

    Execution Region ER_IROM1 (Exec base: 0x08000000, Load base: 0x08000000, Size: 0x000050a4, Max: 0x00100000, ABSOLUTE)

    Exec Addr    Load Addr    Size         Type   Attr      Idx    E Section Name        Object

    0x08000000   0x08000000   0x00000188   Data   RO            3    RESET               startup_stm32f407xx.o
    0x08000188   0x08000188   0x00000000   Code   RO         5227  * .ARM.Collect$$$$00000000  mc_w.l(entry.o)
    0x08000188   0x08000188   0x00000004   Code   RO         5527    .ARM.Collect$$$$00000001  mc_w.l(entry2.o)
    0x0800018c   0x0800018c   0x00000004   Code   RO         5530    .ARM.Collect$$$$00000004  mc_w.l(entry5.o)
    0x08000190   0x08000190   0x00000000   Code   RO         5532    .ARM.Collect$$$$00000008  mc_w.l(entry7b.o)
    0x08000190   0x08000190   0x00000000   Code   RO         5534    .ARM.Collect$$$$0000000A  mc_w.l(entry8b.o)
    0x08000190   0x08000190   0x00000008   Code   RO         5535    .ARM.Collect$$$$0000000B  mc_w.l(entry9a.o)
    0x08000198   0x08000198   0x00000004   Code   RO         5542    .ARM.Collect$$$$0000000E  mc_w.l(entry12b.o)
    0x0800019c   0x0800019c   0x00000000   Code   RO         5537    .ARM.Collect$$$$0000000F  mc_w.l(entry10a.o)
    0x0800019c   0x0800019c   0x00000000   Code   RO         5539    .ARM.Collect$$$$00000011  mc_w.l(entry11a.o)
    0x0800019c   0x0800019c   0x00000004   Code   RO         5528    .ARM.Collect$$$$00002712  mc_w.l(entry2.o)
    0x080001a0   0x080001a0   0x000000be   Code   RO         5083    .emb_text           port.o
    0x0800025e   0x0800025e   0x00000002   PAD
    0x08000260   0x08000260   0x00000024   Code   RO            4    .text               startup_stm32f407xx.o
    0x08000284   0x08000284   0x00000062   Code   RO         5237    .text               mc_w.l(uldiv.o)
    0x080002e6   0x080002e6   0x00000002   PAD
    0x080002e8   0x080002e8   0x00000024   Code   RO         5239    .text               mc_w.l(rand.o)
    0x0800030c   0x0800030c   0x00000024   Code   RO         5242    .text               mc_w.l(memcpya.o)
    0x08000330   0x08000330   0x00000024   Code   RO         5246    .text               mc_w.l(memseta.o)
    0x08000354   0x08000354   0x0000000e   Code   RO         5250    .text               mc_w.l(strlen.o)
    0x08000362   0x08000362   0x0000014e   Code   RO         5515    .text               mf_w.l(dadd.o)
    0x080004b0   0x080004b0   0x000000e4   Code   RO         5517    .text               mf_w.l(dmul.o)
    0x08000594   0x08000594   0x0000001a   Code   RO         5519    .text               mf_w.l(dfltui.o)
    0x080005ae   0x080005ae   0x00000032   Code   RO         5521    .text               mf_w.l(dfixui.o)
    0x080005e0   0x080005e0   0x00000038   Code   RO         5525    .text               mf_w.l(d2f.o)
    0x08000618   0x08000618   0x0000002c   Code   RO         5543    .text               mc_w.l(uidiv.o)
    0x08000644   0x08000644   0x0000001e   Code   RO         5545    .text               mc_w.l(llshl.o)
    0x08000662   0x08000662   0x00000020   Code   RO         5547    .text               mc_w.l(llushr.o)
    0x08000682   0x08000682   0x00000024   Code   RO         5549    .text               mc_w.l(llsshr.o)
    0x080006a6   0x080006a6   0x00000000   Code   RO         5551    .text               mc_w.l(iusefp.o)
    0x080006a6   0x080006a6   0x0000006e   Code   RO         5552    .text               mf_w.l(fepilogue.o)
    0x08000714   0x08000714   0x000000ba   Code   RO         5554    .text               mf_w.l(depilogue.o)
    0x080007ce   0x080007ce   0x000000de   Code   RO         5556    .text               mf_w.l(ddiv.o)
    0x080008ac   0x080008ac   0x00000030   Code   RO         5558    .text               mf_w.l(dfixul.o)
    0x080008dc   0x080008dc   0x00000030   Code   RO         5560    .text               mf_w.l(cdrcmple.o)
    0x0800090c   0x0800090c   0x00000024   Code   RO         5562    .text               mc_w.l(init.o)
    0x08000930   0x08000930   0x00000002   Code   RO          449    i.BusFault_Handler  stm32f4xx_it.o
    0x08000932   0x08000932   0x00000002   Code   RO          450    i.DebugMon_Handler  stm32f4xx_it.o
    0x08000934   0x08000934   0x000000c8   Code   RO           13    i.ESP_Init          espdatalogger.o
    0x080009fc   0x080009fc   0x00000108   Code   RO           14    i.ESP_Send_Data     espdatalogger.o
    0x08000b04   0x08000b04   0x00000024   Code   RO         1655    i.HAL_Delay         stm32f4xx_hal.o
    0x08000b28   0x08000b28   0x000001f0   Code   RO         1129    i.HAL_GPIO_Init     stm32f4xx_hal_gpio.o
    0x08000d18   0x08000d18   0x00000010   Code   RO         1132    i.HAL_GPIO_TogglePin  stm32f4xx_hal_gpio.o
    0x08000d28   0x08000d28   0x0000000a   Code   RO         1133    i.HAL_GPIO_WritePin  stm32f4xx_hal_gpio.o
    0x08000d32   0x08000d32   0x00000002   PAD
    0x08000d34   0x08000d34   0x0000000c   Code   RO         1661    i.HAL_GetTick       stm32f4xx_hal.o
    0x08000d40   0x08000d40   0x00000188   Code   RO         1917    i.HAL_I2C_Init      stm32f4xx_hal_i2c.o
    0x08000ec8   0x08000ec8   0x000001f8   Code   RO         1935    i.HAL_I2C_Mem_Read  stm32f4xx_hal_i2c.o
    0x080010c0   0x080010c0   0x00000068   Code   RO          520    i.HAL_I2C_MspInit   stm32f4xx_hal_msp.o
    0x08001128   0x08001128   0x00000010   Code   RO         1667    i.HAL_IncTick       stm32f4xx_hal.o
    0x08001138   0x08001138   0x00000034   Code   RO         1668    i.HAL_Init          stm32f4xx_hal.o
    0x0800116c   0x0800116c   0x00000074   Code   RO          567    i.HAL_InitTick      stm32f4xx_hal_timebase_tim.o
    0x080011e0   0x080011e0   0x00000038   Code   RO          521    i.HAL_MspInit       stm32f4xx_hal_msp.o
    0x08001218   0x08001218   0x0000001a   Code   RO         1518    i.HAL_NVIC_EnableIRQ  stm32f4xx_hal_cortex.o
    0x08001232   0x08001232   0x00000002   PAD
    0x08001234   0x08001234   0x00000040   Code   RO         1524    i.HAL_NVIC_SetPriority  stm32f4xx_hal_cortex.o
    0x08001274   0x08001274   0x00000024   Code   RO         1525    i.HAL_NVIC_SetPriorityGrouping  stm32f4xx_hal_cortex.o
    0x08001298   0x08001298   0x00000134   Code   RO          775    i.HAL_RCC_ClockConfig  stm32f4xx_hal_rcc.o
    0x080013cc   0x080013cc   0x00000040   Code   RO          779    i.HAL_RCC_GetClockConfig  stm32f4xx_hal_rcc.o
    0x0800140c   0x0800140c   0x00000020   Code   RO          782    i.HAL_RCC_GetPCLK1Freq  stm32f4xx_hal_rcc.o
    0x0800142c   0x0800142c   0x00000020   Code   RO          783    i.HAL_RCC_GetPCLK2Freq  stm32f4xx_hal_rcc.o
    0x0800144c   0x0800144c   0x00000064   Code   RO          784    i.HAL_RCC_GetSysClockFreq  stm32f4xx_hal_rcc.o
    0x080014b0   0x080014b0   0x0000036c   Code   RO          787    i.HAL_RCC_OscConfig  stm32f4xx_hal_rcc.o
    0x0800181c   0x0800181c   0x00000002   Code   RO         3062    i.HAL_TIMEx_BreakCallback  stm32f4xx_hal_tim_ex.o
    0x0800181e   0x0800181e   0x00000002   Code   RO         3063    i.HAL_TIMEx_CommutCallback  stm32f4xx_hal_tim_ex.o
    0x08001820   0x08001820   0x0000005a   Code   RO         2358    i.HAL_TIM_Base_Init  stm32f4xx_hal_tim.o
    0x0800187a   0x0800187a   0x00000002   Code   RO         2360    i.HAL_TIM_Base_MspInit  stm32f4xx_hal_tim.o
    0x0800187c   0x0800187c   0x00000080   Code   RO         2363    i.HAL_TIM_Base_Start_IT  stm32f4xx_hal_tim.o
    0x080018fc   0x080018fc   0x00000002   Code   RO         2392    i.HAL_TIM_IC_CaptureCallback  stm32f4xx_hal_tim.o
    0x080018fe   0x080018fe   0x00000166   Code   RO         2406    i.HAL_TIM_IRQHandler  stm32f4xx_hal_tim.o
    0x08001a64   0x08001a64   0x00000002   Code   RO         2409    i.HAL_TIM_OC_DelayElapsedCallback  stm32f4xx_hal_tim.o
    0x08001a66   0x08001a66   0x00000002   Code   RO         2436    i.HAL_TIM_PWM_PulseFinishedCallback  stm32f4xx_hal_tim.o
    0x08001a68   0x08001a68   0x00000014   Code   RO          273    i.HAL_TIM_PeriodElapsedCallback  main.o
    0x08001a7c   0x08001a7c   0x00000002   Code   RO         2449    i.HAL_TIM_TriggerCallback  stm32f4xx_hal_tim.o
    0x08001a7e   0x08001a7e   0x00000062   Code   RO         3358    i.HAL_UART_Init     stm32f4xx_hal_uart.o
    0x08001ae0   0x08001ae0   0x00000078   Code   RO          523    i.HAL_UART_MspInit  stm32f4xx_hal_msp.o
    0x08001b58   0x08001b58   0x00000002   Code   RO          451    i.HardFault_Handler  stm32f4xx_it.o
    0x08001b5a   0x08001b5a   0x0000002e   Code   RO         1959    i.I2C_IsAcknowledgeFailed  stm32f4xx_hal_i2c.o
    0x08001b88   0x08001b88   0x000000fc   Code   RO         1969    i.I2C_RequestMemoryRead  stm32f4xx_hal_i2c.o
    0x08001c84   0x08001c84   0x00000068   Code   RO         1975    i.I2C_WaitOnFlagUntilTimeout  stm32f4xx_hal_i2c.o
    0x08001cec   0x08001cec   0x00000096   Code   RO         1976    i.I2C_WaitOnMasterAddressFlagUntilTimeout  stm32f4xx_hal_i2c.o
    0x08001d82   0x08001d82   0x00000066   Code   RO         1977    i.I2C_WaitOnRXNEFlagUntilTimeout  stm32f4xx_hal_i2c.o
    0x08001de8   0x08001de8   0x0000004c   Code   RO         1978    i.I2C_WaitOnTXEFlagUntilTimeout  stm32f4xx_hal_i2c.o
    0x08001e34   0x08001e34   0x00000014   Code   RO          170    i.IsDataAvailable   uartringbuffer.o
    0x08001e48   0x08001e48   0x00000008   Code   RO          606    i.LCD1602_1stLine   stm_my_lcd16x2.o
    0x08001e50   0x08001e50   0x00000008   Code   RO          607    i.LCD1602_2ndLine   stm_my_lcd16x2.o
    0x08001e58   0x08001e58   0x00000088   Code   RO          608    i.LCD1602_Begin4BIT  stm_my_lcd16x2.o
    0x08001ee0   0x08001ee0   0x0000002c   Code   RO          610    i.LCD1602_EnablePulse  stm_my_lcd16x2.o
    0x08001f0c   0x08001f0c   0x00000018   Code   RO          613    i.LCD1602_PrintInt  stm_my_lcd16x2.o
    0x08001f24   0x08001f24   0x00000014   Code   RO          614    i.LCD1602_RS        stm_my_lcd16x2.o
    0x08001f38   0x08001f38   0x00000094   Code   RO          615    i.LCD1602_TIM_Config  stm_my_lcd16x2.o
    0x08001fcc   0x08001fcc   0x0000002c   Code   RO          616    i.LCD1602_TIM_MicorSecDelay  stm_my_lcd16x2.o
    0x08001ff8   0x08001ff8   0x00000012   Code   RO          619    i.LCD1602_clear     stm_my_lcd16x2.o
    0x0800200a   0x0800200a   0x00000024   Code   RO          625    i.LCD1602_print     stm_my_lcd16x2.o
    0x0800202e   0x0800202e   0x00000002   PAD
    0x08002030   0x08002030   0x0000001a   Code   RO          626    i.LCD1602_setCursor  stm_my_lcd16x2.o
    0x0800204a   0x0800204a   0x00000002   PAD
    0x0800204c   0x0800204c   0x000000e4   Code   RO          629    i.LCD1602_write     stm_my_lcd16x2.o
    0x08002130   0x08002130   0x00000048   Code   RO          630    i.LCD1602_write4bitCommand  stm_my_lcd16x2.o
    0x08002178   0x08002178   0x00000014   Code   RO          631    i.LCD1602_writeCommand  stm_my_lcd16x2.o
    0x0800218c   0x0800218c   0x000000ec   Code   RO          274    i.MX_GPIO_Init      main.o
    0x08002278   0x08002278   0x00000002   Code   RO          452    i.MemManage_Handler  stm32f4xx_it.o
    0x0800227a   0x0800227a   0x00000002   Code   RO          453    i.NMI_Handler       stm32f4xx_it.o
    0x0800227c   0x0800227c   0x00000030   Code   RO          172    i.Ringbuf_init      uartringbuffer.o
    0x080022ac   0x080022ac   0x0000002c   Code   RO         5084    i.SysTick_Handler   port.o
    0x080022d8   0x080022d8   0x00000094   Code   RO          275    i.SystemClock_Config  main.o
    0x0800236c   0x0800236c   0x00000010   Code   RO         3687    i.SystemInit        system_stm32f4xx.o
    0x0800237c   0x0800237c   0x0000000c   Code   RO          454    i.TIM1_UP_TIM10_IRQHandler  stm32f4xx_it.o
    0x08002388   0x08002388   0x000000c8   Code   RO         2451    i.TIM_Base_SetConfig  stm32f4xx_hal_tim.o
    0x08002450   0x08002450   0x0000000c   Code   RO          455    i.UART4_IRQHandler  stm32f4xx_it.o
    0x0800245c   0x0800245c   0x0000010c   Code   RO         3384    i.UART_SetConfig    stm32f4xx_hal_uart.o
    0x08002568   0x08002568   0x00000010   Code   RO          173    i.Uart_flush        uartringbuffer.o
    0x08002578   0x08002578   0x0000005c   Code   RO          174    i.Uart_isr          uartringbuffer.o
    0x080025d4   0x080025d4   0x0000001c   Code   RO          175    i.Uart_peek         uartringbuffer.o
    0x080025f0   0x080025f0   0x00000028   Code   RO          177    i.Uart_read         uartringbuffer.o
    0x08002618   0x08002618   0x00000014   Code   RO          178    i.Uart_sendstring   uartringbuffer.o
    0x0800262c   0x0800262c   0x00000034   Code   RO          179    i.Uart_write        uartringbuffer.o
    0x08002660   0x08002660   0x00000002   Code   RO          456    i.UsageFault_Handler  stm32f4xx_it.o
    0x08002662   0x08002662   0x00000002   PAD
    0x08002664   0x08002664   0x00000060   Code   RO          180    i.Wait_for          uartringbuffer.o
    0x080026c4   0x080026c4   0x00000028   Code   RO         5489    i.__0sprintf        mc_w.l(printfa.o)
    0x080026ec   0x080026ec   0x00000020   Code   RO         1531    i.__NVIC_SetPriority  stm32f4xx_hal_cortex.o
    0x0800270c   0x0800270c   0x0000000e   Code   RO         5566    i.__scatterload_copy  mc_w.l(handlers.o)
    0x0800271a   0x0800271a   0x00000002   Code   RO         5567    i.__scatterload_null  mc_w.l(handlers.o)
    0x0800271c   0x0800271c   0x0000000e   Code   RO         5568    i.__scatterload_zeroinit  mc_w.l(handlers.o)
    0x0800272a   0x0800272a   0x00000002   PAD
    0x0800272c   0x0800272c   0x00000184   Code   RO         5494    i._fp_digits        mc_w.l(printfa.o)
    0x080028b0   0x080028b0   0x000006b4   Code   RO         5495    i._printf_core      mc_w.l(printfa.o)
    0x08002f64   0x08002f64   0x00000024   Code   RO         5496    i._printf_post_padding  mc_w.l(printfa.o)
    0x08002f88   0x08002f88   0x0000002e   Code   RO         5497    i._printf_pre_padding  mc_w.l(printfa.o)
    0x08002fb6   0x08002fb6   0x0000000a   Code   RO         5499    i._sputc            mc_w.l(printfa.o)
    0x08002fc0   0x08002fc0   0x00000018   Code   RO           16    i.bufclr            espdatalogger.o
    0x08002fd8   0x08002fd8   0x0000001c   Code   RO          276    i.get_heart_oxy     main.o
    0x08002ff4   0x08002ff4   0x00000064   Code   RO          277    i.get_temp          main.o
    0x08003058   0x08003058   0x0000000c   Code   RO         4659    i.inHandlerMode     cmsis_os.o
    0x08003064   0x08003064   0x00000198   Code   RO          278    i.main              main.o
    0x080031fc   0x080031fc   0x0000000c   Code   RO         4661    i.makeFreeRtosPriority  cmsis_os.o
    0x08003208   0x08003208   0x0000000e   Code   RO         4663    i.osDelay           cmsis_os.o
    0x08003216   0x08003216   0x0000000a   Code   RO         4666    i.osKernelStart     cmsis_os.o
    0x08003220   0x08003220   0x0000003e   Code   RO         4692    i.osSemaphoreCreate  cmsis_os.o
    0x0800325e   0x0800325e   0x00000002   PAD
    0x08003260   0x08003260   0x00000050   Code   RO         4695    i.osSemaphoreRelease  cmsis_os.o
    0x080032b0   0x080032b0   0x00000064   Code   RO         4696    i.osSemaphoreWait   cmsis_os.o
    0x08003314   0x08003314   0x00000054   Code   RO         4700    i.osThreadCreate    cmsis_os.o
    0x08003368   0x08003368   0x000000a4   Code   RO          279    i.oxygen_task       main.o
    0x0800340c   0x0800340c   0x00000070   Code   RO         4195    i.prvAddCurrentTaskToDelayedList  tasks.o
    0x0800347c   0x0800347c   0x000000d0   Code   RO         4196    i.prvAddNewTaskToReadyList  tasks.o
    0x0800354c   0x0800354c   0x00000058   Code   RO         4515    i.prvCheckForValidListAndQueue  timers.o
    0x080035a4   0x080035a4   0x00000026   Code   RO         3865    i.prvCopyDataFromQueue  queue.o
    0x080035ca   0x080035ca   0x0000006c   Code   RO         3866    i.prvCopyDataToQueue  queue.o
    0x08003636   0x08003636   0x00000034   Code   RO         4197    i.prvDeleteTCB      tasks.o
    0x0800366a   0x0800366a   0x00000002   PAD
    0x0800366c   0x0800366c   0x0000004c   Code   RO         5028    i.prvHeapInit       heap_4.o
    0x080036b8   0x080036b8   0x00000060   Code   RO         4198    i.prvIdleTask       tasks.o
    0x08003718   0x08003718   0x00000016   Code   RO         3868    i.prvInitialiseNewQueue  queue.o
    0x0800372e   0x0800372e   0x00000098   Code   RO         4199    i.prvInitialiseNewTask  tasks.o
    0x080037c6   0x080037c6   0x00000002   PAD
    0x080037c8   0x080037c8   0x0000004c   Code   RO         5029    i.prvInsertBlockIntoFreeList  heap_4.o
    0x08003814   0x08003814   0x00000038   Code   RO         4517    i.prvInsertTimerInActiveList  timers.o
    0x0800384c   0x0800384c   0x0000001c   Code   RO         3869    i.prvIsQueueEmpty   queue.o
    0x08003868   0x08003868   0x000000f0   Code   RO         4518    i.prvProcessReceivedCommands  timers.o
    0x08003958   0x08003958   0x000000c0   Code   RO         4519    i.prvProcessTimerOrBlockTask  timers.o
    0x08003a18   0x08003a18   0x00000020   Code   RO         4200    i.prvResetNextTaskUnblockTime  tasks.o
    0x08003a38   0x08003a38   0x00000028   Code   RO         4520    i.prvSampleTimeNow  timers.o
    0x08003a60   0x08003a60   0x0000006c   Code   RO         4521    i.prvSwitchTimerLists  timers.o
    0x08003acc   0x08003acc   0x00000028   Code   RO         5085    i.prvTaskExitError  port.o
    0x08003af4   0x08003af4   0x00000024   Code   RO         4522    i.prvTimerTask      timers.o
    0x08003b18   0x08003b18   0x0000006a   Code   RO         3870    i.prvUnlockQueue    queue.o
    0x08003b82   0x08003b82   0x00000002   PAD
    0x08003b84   0x08003b84   0x000000dc   Code   RO         5030    i.pvPortMalloc      heap_4.o
    0x08003c60   0x08003c60   0x00000018   Code   RO         4202    i.pvTaskIncrementMutexHeldCount  tasks.o
    0x08003c78   0x08003c78   0x0000002c   Code   RO         5086    i.pxPortInitialiseStack  port.o
    0x08003ca4   0x08003ca4   0x00000016   Code   RO          181    i.store_char        uartringbuffer.o
    0x08003cba   0x08003cba   0x00000002   PAD
    0x08003cbc   0x08003cbc   0x000000b8   Code   RO          280    i.temperature_task  main.o
    0x08003d74   0x08003d74   0x00000026   Code   RO         3825    i.uxListRemove      list.o
    0x08003d9a   0x08003d9a   0x00000002   PAD
    0x08003d9c   0x08003d9c   0x00000014   Code   RO          409    i.vApplicationGetIdleTaskMemory  freertos.o
    0x08003db0   0x08003db0   0x00000018   Code   RO          410    i.vApplicationGetTimerTaskMemory  freertos.o
    0x08003dc8   0x08003dc8   0x00000016   Code   RO         3826    i.vListInitialise   list.o
    0x08003dde   0x08003dde   0x00000006   Code   RO         3827    i.vListInitialiseItem  list.o
    0x08003de4   0x08003de4   0x00000030   Code   RO         3828    i.vListInsert       list.o
    0x08003e14   0x08003e14   0x00000018   Code   RO         3829    i.vListInsertEnd    list.o
    0x08003e2c   0x08003e2c   0x00000040   Code   RO         5088    i.vPortEnterCritical  port.o
    0x08003e6c   0x08003e6c   0x00000028   Code   RO         5089    i.vPortExitCritical  port.o
    0x08003e94   0x08003e94   0x00000064   Code   RO         5031    i.vPortFree         heap_4.o
    0x08003ef8   0x08003ef8   0x00000024   Code   RO         5090    i.vPortSetupTimerInterrupt  port.o
    0x08003f1c   0x08003f1c   0x00000054   Code   RO         5091    i.vPortValidateInterruptPriority  port.o
    0x08003f70   0x08003f70   0x00000028   Code   RO         3874    i.vQueueAddToRegistry  queue.o
    0x08003f98   0x08003f98   0x00000044   Code   RO         3877    i.vQueueWaitForMessageRestricted  queue.o
    0x08003fdc   0x08003fdc   0x0000004c   Code   RO         4209    i.vTaskDelay        tasks.o
    0x08004028   0x08004028   0x00000010   Code   RO         4213    i.vTaskInternalSetTimeOutState  tasks.o
    0x08004038   0x08004038   0x0000000c   Code   RO         4214    i.vTaskMissedYield  tasks.o
    0x08004044   0x08004044   0x00000030   Code   RO         4216    i.vTaskPlaceOnEventList  tasks.o
    0x08004074   0x08004074   0x00000038   Code   RO         4217    i.vTaskPlaceOnEventListRestricted  tasks.o
    0x080040ac   0x080040ac   0x000000a0   Code   RO         4219    i.vTaskPriorityDisinheritAfterTimeout  tasks.o
    0x0800414c   0x0800414c   0x00000088   Code   RO         4224    i.vTaskStartScheduler  tasks.o
    0x080041d4   0x080041d4   0x00000010   Code   RO         4226    i.vTaskSuspendAll   tasks.o
    0x080041e4   0x080041e4   0x0000005c   Code   RO         4227    i.vTaskSwitchContext  tasks.o
    0x08004240   0x08004240   0x0000005c   Code   RO          281    i.wifi_task         main.o
    0x0800429c   0x0800429c   0x000000f4   Code   RO         5092    i.xPortStartScheduler  port.o
    0x08004390   0x08004390   0x00000042   Code   RO         3880    i.xQueueGenericCreate  queue.o
    0x080043d2   0x080043d2   0x00000066   Code   RO         3881    i.xQueueGenericCreateStatic  queue.o
    0x08004438   0x08004438   0x00000088   Code   RO         3882    i.xQueueGenericReset  queue.o
    0x080044c0   0x080044c0   0x00000160   Code   RO         3883    i.xQueueGenericSend  queue.o
    0x08004620   0x08004620   0x000000be   Code   RO         3884    i.xQueueGenericSendFromISR  queue.o
    0x080046de   0x080046de   0x0000009c   Code   RO         3885    i.xQueueGiveFromISR  queue.o
    0x0800477a   0x0800477a   0x00000002   PAD
    0x0800477c   0x0800477c   0x00000138   Code   RO         3890    i.xQueueReceive     queue.o
    0x080048b4   0x080048b4   0x0000009a   Code   RO         3891    i.xQueueReceiveFromISR  queue.o
    0x0800494e   0x0800494e   0x00000002   PAD
    0x08004950   0x08004950   0x00000178   Code   RO         3892    i.xQueueSemaphoreTake  queue.o
    0x08004ac8   0x08004ac8   0x00000074   Code   RO         4229    i.xTaskCheckForTimeOut  tasks.o
    0x08004b3c   0x08004b3c   0x0000005a   Code   RO         4230    i.xTaskCreate       tasks.o
    0x08004b96   0x08004b96   0x00000056   Code   RO         4231    i.xTaskCreateStatic  tasks.o
    0x08004bec   0x08004bec   0x0000001c   Code   RO         4235    i.xTaskGetSchedulerState  tasks.o
    0x08004c08   0x08004c08   0x0000000c   Code   RO         4236    i.xTaskGetTickCount  tasks.o
    0x08004c14   0x08004c14   0x000000cc   Code   RO         4238    i.xTaskIncrementTick  tasks.o
    0x08004ce0   0x08004ce0   0x00000098   Code   RO         4241    i.xTaskPriorityDisinherit  tasks.o
    0x08004d78   0x08004d78   0x0000008c   Code   RO         4242    i.xTaskPriorityInherit  tasks.o
    0x08004e04   0x08004e04   0x00000074   Code   RO         4243    i.xTaskRemoveFromEventList  tasks.o
    0x08004e78   0x08004e78   0x000000c4   Code   RO         4244    i.xTaskResumeAll    tasks.o
    0x08004f3c   0x08004f3c   0x00000060   Code   RO         4529    i.xTimerCreateTimerTask  timers.o
    0x08004f9c   0x08004f9c   0x00000060   Code   RO         4530    i.xTimerGenericCommand  timers.o
    0x08004ffc   0x08004ffc   0x00000054   Data   RO          283    .constdata          main.o
    0x08005050   0x08005050   0x00000010   Data   RO         3688    .constdata          system_stm32f4xx.o
    0x08005060   0x08005060   0x00000008   Data   RO         3689    .constdata          system_stm32f4xx.o
    0x08005068   0x08005068   0x0000001b   Data   RO          284    .conststring        main.o
    0x08005083   0x08005083   0x00000001   PAD
    0x08005084   0x08005084   0x00000020   Data   RO         5564    Region$$Table       anon$$obj.o


    Execution Region RW_IRAM2 (Exec base: 0x10000000, Load base: 0x08005190, Size: 0x00000000, Max: 0x00010000, ABSOLUTE)

    **** No section assigned to this execution region ****


    Execution Region RW_IRAM1 (Exec base: 0x20000000, Load base: 0x080050a4, Size: 0x00004b20, Max: 0x00020000, ABSOLUTE)

    Exec Addr    Load Addr    Size         Type   Attr      Idx    E Section Name        Object

    0x20000000   0x080050a4   0x00000008   Data   RW          183    .data               uartringbuffer.o
    0x20000008   0x080050ac   0x00000030   Data   RW          285    .data               main.o
    0x20000038   0x080050dc   0x00000024   Data   RW          632    .data               stm_my_lcd16x2.o
    0x2000005c   0x08005100   0x0000000c   Data   RW         1675    .data               stm32f4xx_hal.o
    0x20000068   0x0800510c   0x00000004   Data   RW         3690    .data               system_stm32f4xx.o
    0x2000006c   0x08005110   0x0000003c   Data   RW         4247    .data               tasks.o
    0x200000a8   0x0800514c   0x00000014   Data   RW         4536    .data               timers.o
    0x200000bc   0x08005160   0x00000020   Data   RW         5037    .data               heap_4.o
    0x200000dc   0x08005180   0x0000000c   Data   RW         5093    .data               port.o
    0x200000e8   0x0800518c   0x00000004   Data   RW         5240    .data               mc_w.l(rand.o)
    0x200000ec        -       0x00000090   Zero   RW          182    .bss                uartringbuffer.o
    0x2000017c        -       0x00000098   Zero   RW          282    .bss                main.o
    0x20000214        -       0x000006a8   Zero   RW          411    .bss                freertos.o
    0x200008bc        -       0x00000048   Zero   RW          570    .bss                stm32f4xx_hal_timebase_tim.o
    0x20000904        -       0x00000040   Zero   RW         3893    .bss                queue.o
    0x20000944        -       0x000000f0   Zero   RW         4246    .bss                tasks.o
    0x20000a34        -       0x000000e8   Zero   RW         4535    .bss                timers.o
    0x20000b1c        -       0x00003c00   Zero   RW         5036    .bss                heap_4.o
    0x2000471c   0x08005190   0x00000004   PAD
    0x20004720        -       0x00000400   Zero   RW            1    STACK               startup_stm32f407xx.o


==============================================================================

Image component sizes


      Code (inc. data)   RO Data    RW Data    ZI Data      Debug   Object Name

       374         10          0          0          0      31572   cmsis_os.o
       488        222          0          0          0     701228   espdatalogger.o
         0          0          0          0          0      20020   event_groups.o
        44         10          0          0       1704       2009   freertos.o
       472         24          0         32      15360       4939   heap_4.o
       138          0          0          0          0       3618   list.o
      1380        314        111         48        152      38748   main.o
       786         82          0         12          0      11997   port.o
      2254         24          0          0         64      23211   queue.o
        36          8        392          0       1024        848   startup_stm32f407xx.o
       116         18          0         12          0       8802   stm32f4xx_hal.o
       158         14          0          0          0      33218   stm32f4xx_hal_cortex.o
       522         46          0          0          0       2885   stm32f4xx_hal_gpio.o
      1626         36          0          0          0       9950   stm32f4xx_hal_i2c.o
       280         30          0          0          0       2379   stm32f4xx_hal_msp.o
      1412         86          0          0          0       5981   stm32f4xx_hal_rcc.o
       786         72          0          0          0       7468   stm32f4xx_hal_tim.o
         4          0          0          0          0       1633   stm32f4xx_hal_tim_ex.o
       116         16          0          0         72       1455   stm32f4xx_hal_timebase_tim.o
       366         10          0          0          0       2040   stm32f4xx_hal_uart.o
        36         12          0          0          0       3835   stm32f4xx_it.o
       832         50          0         36          0       9077   stm_my_lcd16x2.o
         0          0          0          0          0        392   stream_buffer.o
        16          4         24          4          0       1163   system_stm32f4xx.o
      2428        184          0         60        240      29665   tasks.o
       952         80          0         20        232      30187   timers.o
       434         58          0          8        144       6803   uartringbuffer.o

    ----------------------------------------------------------------------
     16084       1410        560        232      18996     995123   Object Totals
         0          0         32          0          0          0   (incl. Generated)
        28          0          1          0          4          0   (incl. Padding)

    ----------------------------------------------------------------------

      Code (inc. data)   RO Data    RW Data    ZI Data      Debug   Library Member Name

         0          0          0          0          0          0   entry.o
         0          0          0          0          0          0   entry10a.o
         0          0          0          0          0          0   entry11a.o
         4          0          0          0          0          0   entry12b.o
         8          4          0          0          0          0   entry2.o
         4          0          0          0          0          0   entry5.o
         0          0          0          0          0          0   entry7b.o
         0          0          0          0          0          0   entry8b.o
         8          4          0          0          0          0   entry9a.o
        30          0          0          0          0          0   handlers.o
        36          8          0          0          0         68   init.o
         0          0          0          0          0          0   iusefp.o
        30          0          0          0          0         68   llshl.o
        36          0          0          0          0         68   llsshr.o
        32          0          0          0          0         68   llushr.o
        36          0          0          0          0         68   memcpya.o
        36          0          0          0          0        108   memseta.o
      2236         86          0          0          0        532   printfa.o
        36         10          0          4          0        136   rand.o
        14          0          0          0          0         68   strlen.o
        44          0          0          0          0         80   uidiv.o
        98          0          0          0          0         92   uldiv.o
        48          0          0          0          0         68   cdrcmple.o
        56          0          0          0          0         88   d2f.o
       334          0          0          0          0        148   dadd.o
       222          0          0          0          0        100   ddiv.o
       186          0          0          0          0        176   depilogue.o
        50          0          0          0          0         76   dfixui.o
        48          0          0          0          0         68   dfixul.o
        26          0          0          0          0         76   dfltui.o
       228          0          0          0          0         96   dmul.o
       110          0          0          0          0        168   fepilogue.o

    ----------------------------------------------------------------------
      4000        112          0          4          0       2420   Library Totals
         4          0          0          0          0          0   (incl. Padding)

    ----------------------------------------------------------------------

      Code (inc. data)   RO Data    RW Data    ZI Data      Debug   Library Name

      2688        112          0          4          0       1356   mc_w.l
      1308          0          0          0          0       1064   mf_w.l

    ----------------------------------------------------------------------
      4000        112          0          4          0       2420   Library Totals

    ----------------------------------------------------------------------

==============================================================================


      Code (inc. data)   RO Data    RW Data    ZI Data      Debug   

     20084       1522        560        236      18996     980599   Grand Totals
     20084       1522        560        236      18996     980599   ELF Image Totals
     20084       1522        560        236          0          0   ROM Totals

==============================================================================

    Total RO  Size (Code + RO Data)                20644 (  20.16kB)
    Total RW  Size (RW Data + ZI Data)             19232 (  18.78kB)
    Total ROM Size (Code + RO Data + RW Data)      20880 (  20.39kB)

==============================================================================

